******************************************************************************
                  TI ARM Linker PC v20.2.0                     
******************************************************************************
>> Linked Fri Jul 17 12:59:04 2020

OUTPUT FILE NAME:   <SD3.out>
ENTRY POINT SYMBOL: "_c_int00_noargs"  address: 00006985


MEMORY CONFIGURATION

         name            origin    length      used     unused   attr    fill
----------------------  --------  ---------  --------  --------  ----  --------
  FLASH                 00000000   00040000  00007424  00038bdc  R  X
  SRAM                  20000000   00008000  00001e46  000061ba  RW X


SEGMENT ALLOCATION MAP

run origin  load origin   length   init length attrs members
----------  ----------- ---------- ----------- ----- -------
00000000    00000000    00007428   00007428    r-x
  00000000    00000000    0000026c   0000026c    r-- .intvecs
  0000026c    0000026c    0000699c   0000699c    r-x .text
  00006c08    00006c08    000006ec   000006ec    r-- .const
  000072f8    000072f8    00000130   00000130    r-- .cinit
20000000    20000000    00001e48   00000000    rw-
  20000000    20000000    0000026c   00000000    rw- .vtable
  2000026c    2000026c    000017e2   00000000    rw- .bss
  20001a50    20001a50    00000200   00000000    rw- .stack
  20001c50    20001c50    000001f8   00000000    rw- .data


SECTION ALLOCATION MAP

 output                                  attributes/
section   page    origin      length       input sections
--------  ----  ----------  ----------   ----------------
.intvecs   0    00000000    0000026c     
                  00000000    0000026c     tm4c1231h6pm_startup_ccs.obj (.intvecs)

.text      0    0000026c    0000699c     
                  0000026c    00002a0e     ff.obj (.text)
                  00002c7a    00000002     rtsv7M4_T_le_v4SPD16_eabi.lib : div0.asm.obj (.text)
                  00002c7c    000009c8     mmc-dk-tm4c123g.obj (.text)
                  00003644    00000914     uartstdio.obj (.text)
                  00003f58    00000610     AnemometroVeletaPluviometro.obj (.text)
                  00004568    000005d8     dht22_mio.obj (.text)
                  00004b40    00000484     sd_fs.obj (.text)
                  00004fc4    00000384     GPIOs.obj (.text)
                  00005348    00000380     inicio.obj (.text)
                  000056c8    00000350     SDmio.obj (.text)
                  00005a18    00000280     UART.obj (.text)
                  00005c98    000001e8     variables.obj (.text)
                  00005e80    00000136     rtsv7M4_T_le_v4SPD16_eabi.lib : fd_div_t2.asm.obj (.text)
                  00005fb6    00000132     driverlib.lib : gpio.obj (.text:GPIOPadConfigSet)
                  000060e8    00000110                   : sysctl.obj (.text:SysCtlClockGet)
                  000061f8    000000fc     rtsv7M4_T_le_v4SPD16_eabi.lib : fd_mul_t2.asm.obj (.text)
                  000062f4    000000d0     SD.obj (.text)
                  000063c4    000000a0     Timeout.obj (.text)
                  00006464    0000009c     rtsv7M4_T_le_v4SPD16_eabi.lib : memcpy_t2.asm.obj (.text)
                  00006500    0000007a                                   : memset_t2.asm.obj (.text)
                  0000657a    0000006e                                   : fd_tos_t2.asm.obj (.text)
                  000065e8    00000068     driverlib.lib : interrupt.obj (.text:IntEnable)
                  00006650    00000068     rtsv7M4_T_le_v4SPD16_eabi.lib : copy_decompress_lzss.c.obj (.text:decompress:lzss:__TI_decompress_lzss)
                  000066b8    00000050     driverlib.lib : adc.obj (.text:_ADCIntNumberGet)
                  00006708    0000004c                   : timer.obj (.text:_TimerIntNumberGet)
                  00006754    00000048                   : gpio.obj (.text:GPIOPinConfigure)
                  0000679c    00000046                   : uart.obj (.text:UARTConfigSetExpClk)
                  000067e2    00000002     --HOLE-- [fill = 0]
                  000067e4    00000044                   : gpio.obj (.text:_GPIOIntNumberGet)
                  00006828    00000044     rtsv7M4_T_le_v4SPD16_eabi.lib : autoinit.c.obj (.text:__TI_auto_init_nobinit_nopinit:__TI_auto_init_nobinit_nopinit)
                  0000686c    00000040                                   : u_divt2.asm.obj (.text)
                  000068ac    00000038                                   : fs_tod_t2.asm.obj (.text)
                  000068e4    00000036                                   : strncpy.c.obj (.text:strncpy)
                  0000691a    00000002     --HOLE-- [fill = 0]
                  0000691c    00000034     driverlib.lib : interrupt.obj (.text:IntRegister)
                  00006950    00000034                   : sysctl.obj (.text:SysCtlPeripheralEnable)
                  00006984    00000034     rtsv7M4_T_le_v4SPD16_eabi.lib : boot_cortex_m.c.obj (.text:_c_int00_noargs:_c_int00_noargs)
                  000069b8    00000034                                   : strstr.c.obj (.text:strstr)
                  000069ec    0000002a     driverlib.lib : gpio.obj (.text:GPIODirModeSet)
                  00006a16    00000002     --HOLE-- [fill = 0]
                  00006a18    00000020                   : uart.obj (.text:UARTDisable)
                  00006a38    00000020     rtsv7M4_T_le_v4SPD16_eabi.lib : u_tofd_t2.asm.obj (.text)
                  00006a58    0000001e                                   : strcat.c.obj (.text:strcat)
                  00006a76    00000018     driverlib.lib : adc.obj (.text:ADCIntRegister)
                  00006a8e    00000018                   : gpio.obj (.text:GPIOIntRegister)
                  00006aa6    00000018                   : timer.obj (.text:TimerIntRegister)
                  00006abe    00000018     rtsv7M4_T_le_v4SPD16_eabi.lib : strcmp.c.obj (.text:strcmp)
                  00006ad6    00000014     driverlib.lib : uart.obj (.text:UARTEnable)
                  00006aea    00000014     rtsv7M4_T_le_v4SPD16_eabi.lib : strcpy.c.obj (.text:strcpy)
                  00006afe    00000014                                   : strlen.c.obj (.text:strlen)
                  00006b12    00000012     driverlib.lib : gpio.obj (.text:GPIOPinTypeUART)
                  00006b24    00000010                   : sysctl.obj (.text:SysCtlReset)
                  00006b34    00000010                   : watchdog.obj (.text:WatchdogIntRegister)
                  00006b44    00000010     rtsv7M4_T_le_v4SPD16_eabi.lib : toupper.c.obj (.text:toupper)
                  00006b54    0000000e     driverlib.lib : gpio.obj (.text:GPIOIntDisable)
                  00006b62    0000000e                   : gpio.obj (.text:GPIOIntStatus)
                  00006b70    0000000e                   : uart.obj (.text:UARTCharGetNonBlocking)
                  00006b7e    0000000e                   : uart.obj (.text:UARTCharPutNonBlocking)
                  00006b8c    0000000e                   : uart.obj (.text:UARTCharsAvail)
                  00006b9a    0000000e     rtsv7M4_T_le_v4SPD16_eabi.lib : copy_decompress_none.c.obj (.text:decompress:none:__TI_decompress_none)
                  00006ba8    0000000c     driverlib.lib : gpio.obj (.text:GPIOIntEnable)
                  00006bb4    0000000c     rtsv7M4_T_le_v4SPD16_eabi.lib : copy_zero_init.c.obj (.text:decompress:ZI:__TI_zero_init)
                  00006bc0    0000000c     tm4c1231h6pm_startup_ccs.obj (.text)
                  00006bcc    0000000a     driverlib.lib : uart.obj (.text:UARTCharGet)
                  00006bd6    0000000a                   : uart.obj (.text:UARTCharPut)
                  00006be0    0000000a                   : uart.obj (.text:UARTIntStatus)
                  00006bea    00000006                   : gpio.obj (.text:GPIOIntClear)
                  00006bf0    00000006                   : sysctl.obj (.text:SysCtlDelay)
                  00006bf6    00000006                   : uart.obj (.text:UARTClockSourceSet)
                  00006bfc    00000004                   : uart.obj (.text:UARTIntClear)
                  00006c00    00000004     rtsv7M4_T_le_v4SPD16_eabi.lib : pre_init.c.obj (.text:_system_pre_init)
                  00006c04    00000004                                   : exit.c.obj (.text:abort:abort)

.const     0    00006c08    000006ec     
                  00006c08    0000020a     sd_fs.obj (.const:.string)
                  00006e12    00000101     rtsv7M4_T_le_v4SPD16_eabi.lib : ctype.c.obj (.const:.string:_ctypes_)
                  00006f13    00000001     --HOLE-- [fill = 0]
                  00006f14    000000d8     driverlib.lib : gpio.obj (.const:g_ppui32GPIOIntMapSnowflake)
                  00006fec    000000c0                   : gpio.obj (.const:g_ppui32GPIOIntMapBlizzard)
                  000070ac    00000090                   : gpio.obj (.const:g_pui32GPIOBaseAddrs)
                  0000713c    00000070                   : interrupt.obj (.const)
                  000071ac    0000006c                   : sysctl.obj (.const:g_pui32Xtals)
                  00007218    00000060                   : timer.obj (.const:g_ppui32TimerIntMap)
                  00007278    00000040                   : timer.obj (.const:g_ppui32TimerIntMapSnowflake)
                  000072b8    00000012     uartstdio.obj (.const:.string)
                  000072ca    00000002     --HOLE-- [fill = 0]
                  000072cc    0000000c     uartstdio.obj (.const:g_ui32UARTBase)
                  000072d8    0000000c     uartstdio.obj (.const:g_ui32UARTInt)
                  000072e4    0000000c     uartstdio.obj (.const:g_ui32UARTPeriph)
                  000072f0    00000004     uartstdio.obj (.const)

.cinit     0    000072f8    00000130     
                  000072f8    000000f6     (.cinit..data.load) [load image, compression = lzss]
                  000073ee    00000002     --HOLE-- [fill = 0]
                  000073f0    0000000c     (__TI_handler_table)
                  000073fc    00000004     --HOLE-- [fill = 0]
                  00007400    00000008     (.cinit..bss.load) [load image, compression = zero_init]
                  00007408    00000008     (.cinit..vtable.load) [load image, compression = zero_init]
                  00007410    00000018     (__TI_cinit_table)

.init_array 
*          0    00000000    00000000     UNINITIALIZED

.vtable    0    20000000    0000026c     UNINITIALIZED
                  20000000    0000026c     driverlib.lib : interrupt.obj (.vtable)

.bss       0    2000026c    000017e2     UNINITIALIZED
                  2000026c    000006f8     (.common:ARCHIVO_DATOS)
                  20000964    000006f8     (.common:ARCHIVO_LOG)
                  2000105c    00000400     uartstdio.obj (.bss:g_pcUARTTxBuffer)
                  2000145c    00000224     sd_fs.obj (.bss:g_sFileObject)
                  20001680    000000c8     (.common:texto)
                  20001748    00000080     uartstdio.obj (.bss:g_pcUARTRxBuffer)
                  200017c8    00000064     (.common:datos)
                  2000182c    00000050     sd_fs.obj (.bss:g_pcTmpBuf)
                  2000187c    00000028     (.common:ENTRADA)
                  200018a4    0000001c     sd_fs.obj (.bss:g_sDirObject)
                  200018c0    0000001c     (.common:d_viento)
                  200018dc    0000001c     (.common:gota)
                  200018f8    0000001c     (.common:humedad)
                  20001914    0000001c     (.common:humedad_dht22)
                  20001930    0000001c     (.common:lluvia)
                  2000194c    0000001c     (.common:luz)
                  20001968    0000001c     (.common:temperatura)
                  20001984    0000001c     (.common:temperatura_dht22)
                  200019a0    0000001c     (.common:vBat)
                  200019bc    0000001c     (.common:vLipo)
                  200019d8    0000001c     (.common:v_viento)
                  200019f4    00000018     sd_fs.obj (.bss:g_sFileInfo)
                  20001a0c    00000014     (.common:ui32ADC1Value)
                  20001a20    00000008     uartstdio.obj (.bss)
                  20001a28    00000008     (.common:data_buffer)
                  20001a30    00000008     (.common:th)
                  20001a38    00000004     ff.obj (.bss:FatFs)
                  20001a3c    00000004     (.common:dht_timing)
                  20001a40    00000004     (.common:start_timer)
                  20001a44    00000004     (.common:veleta)
                  20001a48    00000003     mmc-dk-tm4c123g.obj (.bss)
                  20001a4b    00000001     --HOLE--
                  20001a4c    00000002     ff.obj (.bss)

.data      0    20001c50    000001f8     UNINITIALIZED
                  20001c50    000000a0     sd_fs.obj (.data:g_psFResultStrings)
                  20001cf0    0000006c     sd_fs.obj (.data:g_psCmdTable)
                  20001d5c    00000050     sd_fs.obj (.data:g_pcCwdBuf)
                  20001dac    0000002c     tick.obj (.data)
                  20001dd8    00000026     inicio.obj (.data)
                  20001dfe    00000002     mmc-dk-tm4c123g.obj (.data)
                  20001e00    00000020     AnemometroVeletaPluviometro.obj (.data)
                  20001e20    00000015     uartstdio.obj (.data)
                  20001e35    00000003     --HOLE--
                  20001e38    00000008     Timeout.obj (.data)
                  20001e40    00000008     dht22_mio.obj (.data)

.stack     0    20001a50    00000200     UNINITIALIZED
                  20001a50    00000004     rtsv7M4_T_le_v4SPD16_eabi.lib : boot_cortex_m.c.obj (.stack)
                  20001a54    000001fc     --HOLE--

__llvm_prf_cnts 
*          0    20000000    00000000     UNINITIALIZED

MODULE SUMMARY

       Module                            code    ro data   rw data
       ------                            ----    -------   -------
    .\
       SD.obj                            208     0         3876   
       tm4c1231h6pm_startup_ccs.obj      12      620       0      
    +--+---------------------------------+-------+---------+---------+
       Total:                            220     620       3876   
                                                                  
    .\LIBS\
       uartstdio.obj                     2324    58        1181   
       sd_fs.obj                         1156    522       1028   
       AnemometroVeletaPluviometro.obj   1552    0         56     
       dht22_mio.obj                     1496    0         24     
       inicio.obj                        896     0         178    
       SDmio.obj                         848     0         200    
       GPIOs.obj                         900     0         0      
       UART.obj                          640     0         0      
       variables.obj                     488     0         8      
       Timeout.obj                       160     0         8      
       tick.obj                          0       0         44     
    +--+---------------------------------+-------+---------+---------+
       Total:                            10460   580       2727   
                                                                  
    .\fatfs\port\
       mmc-dk-tm4c123g.obj               2504    0         5      
    +--+---------------------------------+-------+---------+---------+
       Total:                            2504    0         5      
                                                                  
    .\fatfs\src\
       ff.obj                            10766   0         6      
    +--+---------------------------------+-------+---------+---------+
       Total:                            10766   0         6      
                                                                  
    ../driverlib.lib
       gpio.obj                          576     552       0      
       interrupt.obj                     156     112       620    
       sysctl.obj                        346     108       0      
       timer.obj                         100     160       0      
       uart.obj                          204     0         0      
       adc.obj                           104     0         0      
       watchdog.obj                      16      0         0      
    +--+---------------------------------+-------+---------+---------+
       Total:                            1502    932       620    
                                                                  
    C:\ti\ccs1000\ccs\tools\compiler\ti-cgt-arm_20.2.0.LTS\lib\rtsv7M4_T_le_v4SPD16_eabi.lib
       fd_div_t2.asm.obj                 310     0         0      
       ctype.c.obj                       0       257       0      
       fd_mul_t2.asm.obj                 252     0         0      
       memcpy_t2.asm.obj                 156     0         0      
       memset_t2.asm.obj                 122     0         0      
       fd_tos_t2.asm.obj                 110     0         0      
       copy_decompress_lzss.c.obj        104     0         0      
       autoinit.c.obj                    68      0         0      
       u_divt2.asm.obj                   64      0         0      
       fs_tod_t2.asm.obj                 56      0         0      
       strncpy.c.obj                     54      0         0      
       boot_cortex_m.c.obj               52      0         0      
       strstr.c.obj                      52      0         0      
       u_tofd_t2.asm.obj                 32      0         0      
       strcat.c.obj                      30      0         0      
       strcmp.c.obj                      24      0         0      
       strcpy.c.obj                      20      0         0      
       strlen.c.obj                      20      0         0      
       toupper.c.obj                     16      0         0      
       copy_decompress_none.c.obj        14      0         0      
       copy_zero_init.c.obj              12      0         0      
       exit.c.obj                        4       0         0      
       pre_init.c.obj                    4       0         0      
       div0.asm.obj                      2       0         0      
    +--+---------------------------------+-------+---------+---------+
       Total:                            1578    257       0      
                                                                  
       Stack:                            0       0         512    
       Linker Generated:                 0       298       0      
    +--+---------------------------------+-------+---------+---------+
       Grand Total:                      27030   2687      7746   


LINKER GENERATED COPY TABLES

__TI_cinit_table @ 00007410 records: 3, size/record: 8, table size: 24
	.data: load addr=000072f8, load size=000000f6 bytes, run addr=20001c50, run size=000001f8 bytes, compression=lzss
	.bss: load addr=00007400, load size=00000008 bytes, run addr=2000026c, run size=000017e2 bytes, compression=zero_init
	.vtable: load addr=00007408, load size=00000008 bytes, run addr=20000000, run size=0000026c bytes, compression=zero_init


LINKER GENERATED HANDLER TABLE

__TI_handler_table @ 000073f0 records: 3, size/record: 4, table size: 12
	index: 0, handler: __TI_zero_init
	index: 1, handler: __TI_decompress_lzss
	index: 2, handler: __TI_decompress_none


GLOBAL SYMBOLS: SORTED ALPHABETICALLY BY Name 

address   name                          
-------   ----                          
00003f59  ADC1InterruptHandler          
00006a77  ADCIntRegister                
2000026c  ARCHIVO_DATOS                 
20000964  ARCHIVO_LOG                   
000050b5  AUX3IntHandler                
00006c05  C$$EXIT                       
00004df5  Cmd_cat                       
00004cc9  Cmd_cd                        
00004e99  Cmd_help                      
00004b7f  Cmd_ls                        
00004db1  Cmd_pwd                       
00005bef  ConfigureUART                 
00004a75  DHTIntHandler                 
2000187c  ENTRADA                       
20001e41  ERROR                         
20001e00  EstadoEntradas                
20001dfd  FLAG_dato_nuevo               
000069ed  GPIODirModeSet                
00006beb  GPIOIntClear                  
00006b55  GPIOIntDisable                
00006ba9  GPIOIntEnable                 
00006a8f  GPIOIntRegister               
00006b63  GPIOIntStatus                 
00005fb7  GPIOPadConfigSet              
00006755  GPIOPinConfigure              
00006b13  GPIOPinTypeUART               
00005afb  IniciaUART                    
00005cf5  IniciaVariable                
0000557b  InitConsole                   
000065e9  IntEnable                     
0000691d  IntRegister                   
00005ab5  PrintAVL                      
00005a87  PrintString                   
00006bc1  ResetISR                      
00005de3  SUM_MAX_MIN                   
00004b41  StringFromFResult             
000060e9  SysCtlClockGet                
00006bf1  SysCtlDelay                   
00006951  SysCtlPeripheralEnable        
00006b25  SysCtlReset                   
20001db8  TIMEOUT1                      
000063c5  TIMEOUTinit                   
20001db4  Tant_TIMEOUT1                 
00004569  Timer5IntHandler              
00006aa7  TimerIntRegister              
00006421  TimerTIMEOUT                  
00006bcd  UARTCharGet                   
00006b71  UARTCharGetNonBlocking        
00006bd7  UARTCharPut                   
00006b7f  UARTCharPutNonBlocking        
00006b8d  UARTCharsAvail                
00006bf7  UARTClockSourceSet            
0000679d  UARTConfigSetExpClk           
00006a19  UARTDisable                   
00003d99  UARTEchoSet                   
00006ad7  UARTEnable                    
00003d33  UARTFlushRx                   
00003d5b  UARTFlushTx                   
00006bfd  UARTIntClear                  
00006be1  UARTIntStatus                 
00003cd9  UARTPeek                      
00003cb7  UARTRxBytesAvail              
00005ad3  UARTSend                      
00003759  UARTStdioConfig               
00003dcd  UARTStdioIntHandler           
00003cc5  UARTTxBytesFree               
00005a19  UART_AVL_IntHandler           
00003933  UARTgetc                      
000038b7  UARTgets                      
00003c93  UARTprintf                    
00003999  UARTvprintf                   
00003811  UARTwrite                     
00004161  VelDirPluvInicio              
0000405b  VelDirPluvIntHandler          
00005533  WatchdogIntHandler            
00006b35  WatchdogIntRegister           
20001c50  __STACK_END                   
00000200  __STACK_SIZE                  
20001c50  __STACK_TOP                   
00007410  __TI_CINIT_Base               
00007428  __TI_CINIT_Limit              
000073f0  __TI_Handler_Table_Base       
000073fc  __TI_Handler_Table_Limit      
00006829  __TI_auto_init_nobinit_nopinit
00006651  __TI_decompress_lzss          
00006b9b  __TI_decompress_none          
ffffffff  __TI_pprof_out_hndl           
ffffffff  __TI_prof_data_size           
ffffffff  __TI_prof_data_start          
00000000  __TI_static_base__            
00006bb5  __TI_zero_init                
0000657b  __aeabi_d2f                   
00005e81  __aeabi_ddiv                  
000061f9  __aeabi_dmul                  
000068ad  __aeabi_f2d                   
00002c7b  __aeabi_idiv0                 
00002c7b  __aeabi_ldiv0                 
00006501  __aeabi_memclr                
00006501  __aeabi_memclr4               
00006501  __aeabi_memclr8               
00006465  __aeabi_memcpy                
00006465  __aeabi_memcpy4               
00006465  __aeabi_memcpy8               
00006503  __aeabi_memset                
00006503  __aeabi_memset4               
00006503  __aeabi_memset8               
00006a39  __aeabi_ui2d                  
0000686d  __aeabi_uidiv                 
0000686d  __aeabi_uidivmod              
ffffffff  __binit__                     
ffffffff  __c_args__                    
UNDEFED   __mpu_init                    
20001a50  __stack                       
20000000  __start___llvm_prf_cnts       
20000000  __stop___llvm_prf_cnts        
00006985  _c_int00_noargs               
00006e12  _ctypes_                      
UNDEFED   _system_post_cinit            
00006c01  _system_pre_init              
00006c05  abort                         
ffffffff  binit                         
00005249  blink                         
00004379  calculaDireccionViento        
00000505  clust2sect                    
000050c3  configuraGPIO                 
20001df0  cont                          
20001e0c  cont_ane                      
20001e10  cont_pluv                     
20001e44  contadorTimer5                
20001e18  contador_inicia               
20001e3c  contador_timeout              
20001dd0  contador_timeproc             
20001dd8  corriente                     
000057df  crearArchivo_s                
200018c0  d_viento                      
20001a28  data_buffer                   
200017c8  datos                         
00004583  dht_init                      
000047b1  dht_read                      
000046fd  dht_readHumidity              
00004627  dht_readTH                    
0000465b  dht_readTemperature           
20001a3c  dht_timing                    
20001dac  diferencia                    
20001e08  diff                          
20001e1c  direccion                     
00003099  disk_initialize               
000033e9  disk_ioctl                    
00003257  disk_read                     
0000323d  disk_status                   
000035eb  disk_timerproc                
00003301  disk_write                    
00005c99  entero                        
20001df4  err                           
00005741  escribeArchivo_s              
20001df8  estado                        
00002a0f  f_chmod                       
000020d9  f_close                       
000024d1  f_getfree                     
000020f9  f_lseek                       
00002829  f_mkdir                       
0000187b  f_mount                       
000018cd  f_open                        
00002347  f_opendir                     
00001ae5  f_read                        
000023f7  f_readdir                     
00002b23  f_rename                      
00002481  f_stat                        
00001fdd  f_sync                        
00002633  f_truncate                    
00002727  f_unlink                      
00002a9f  f_utime                       
00001d39  f_write                       
20001de8  fhumedad                      
20001dd6  flagCONVERSION_10S            
20001dd5  flagCONVERSION_1S             
20001dd7  flagENVIO                     
20001dd4  flag_TIMEOUT1                 
20001dbc  flag_count                    
20001e38  flag_timeout                  
00005349  float_to_char                 
20001de4  ftemperatura                  
20000000  g_pfnRAMVectors               
00000000  g_pfnVectors                  
20001cf0  g_psCmdTable                  
20001c50  g_psFResultStrings            
00000535  get_fat                       
0000362f  get_fattime                   
200018dc  gota                          
200018f8  humedad                       
20001914  humedad_dht22                 
20001dfc  i                             
00005a49  iniciaAVL_UART                
000056c9  iniciaSD_s                    
00005493  inicia_WDT                    
000053a9  inicio                        
20001e14  interrupt_status              
00005d81  itoa                          
00005055  ledAux3                       
00005085  ledAux4                       
00004fc5  ledAzul                       
00005025  ledRojo                       
00004ff5  ledVerde                      
20001930  lluvia                        
2000194c  luz                           
000062f5  main                          
00006465  memcpy                        
00006509  memset                        
20001db0  milis                         
20001de0  potencia                      
20001dec  presion                       
00000659  put_fat                       
20001e40  quit_timing                   
00005d2b  reverse                       
20001a40  start_timer                   
00006a59  strcat                        
00006abf  strcmp                        
00006aeb  strcpy                        
00006aff  strlen                        
000068e5  strncpy                       
000069b9  strstr                        
20001dcc  t_ENVIO                       
20001e04  t_actual                      
20001dc4  tanterior_10S                 
20001dc0  tanterior_1S                  
20001dc8  tanterior_ENVIO               
20001968  temperatura                   
20001984  temperatura_dht22             
20001680  texto                         
20001a30  th                            
00006b45  toupper                       
20001a0c  ui32ADC1Value                 
200019a0  vBat                          
200019bc  vLipo                         
200019d8  v_viento                      
20001a44  veleta                        
20001ddc  voltaje                       


GLOBAL SYMBOLS: SORTED BY Symbol Address 

address   name                          
-------   ----                          
00000000  __TI_static_base__            
00000000  g_pfnVectors                  
00000200  __STACK_SIZE                  
00000505  clust2sect                    
00000535  get_fat                       
00000659  put_fat                       
0000187b  f_mount                       
000018cd  f_open                        
00001ae5  f_read                        
00001d39  f_write                       
00001fdd  f_sync                        
000020d9  f_close                       
000020f9  f_lseek                       
00002347  f_opendir                     
000023f7  f_readdir                     
00002481  f_stat                        
000024d1  f_getfree                     
00002633  f_truncate                    
00002727  f_unlink                      
00002829  f_mkdir                       
00002a0f  f_chmod                       
00002a9f  f_utime                       
00002b23  f_rename                      
00002c7b  __aeabi_idiv0                 
00002c7b  __aeabi_ldiv0                 
00003099  disk_initialize               
0000323d  disk_status                   
00003257  disk_read                     
00003301  disk_write                    
000033e9  disk_ioctl                    
000035eb  disk_timerproc                
0000362f  get_fattime                   
00003759  UARTStdioConfig               
00003811  UARTwrite                     
000038b7  UARTgets                      
00003933  UARTgetc                      
00003999  UARTvprintf                   
00003c93  UARTprintf                    
00003cb7  UARTRxBytesAvail              
00003cc5  UARTTxBytesFree               
00003cd9  UARTPeek                      
00003d33  UARTFlushRx                   
00003d5b  UARTFlushTx                   
00003d99  UARTEchoSet                   
00003dcd  UARTStdioIntHandler           
00003f59  ADC1InterruptHandler          
0000405b  VelDirPluvIntHandler          
00004161  VelDirPluvInicio              
00004379  calculaDireccionViento        
00004569  Timer5IntHandler              
00004583  dht_init                      
00004627  dht_readTH                    
0000465b  dht_readTemperature           
000046fd  dht_readHumidity              
000047b1  dht_read                      
00004a75  DHTIntHandler                 
00004b41  StringFromFResult             
00004b7f  Cmd_ls                        
00004cc9  Cmd_cd                        
00004db1  Cmd_pwd                       
00004df5  Cmd_cat                       
00004e99  Cmd_help                      
00004fc5  ledAzul                       
00004ff5  ledVerde                      
00005025  ledRojo                       
00005055  ledAux3                       
00005085  ledAux4                       
000050b5  AUX3IntHandler                
000050c3  configuraGPIO                 
00005249  blink                         
00005349  float_to_char                 
000053a9  inicio                        
00005493  inicia_WDT                    
00005533  WatchdogIntHandler            
0000557b  InitConsole                   
000056c9  iniciaSD_s                    
00005741  escribeArchivo_s              
000057df  crearArchivo_s                
00005a19  UART_AVL_IntHandler           
00005a49  iniciaAVL_UART                
00005a87  PrintString                   
00005ab5  PrintAVL                      
00005ad3  UARTSend                      
00005afb  IniciaUART                    
00005bef  ConfigureUART                 
00005c99  entero                        
00005cf5  IniciaVariable                
00005d2b  reverse                       
00005d81  itoa                          
00005de3  SUM_MAX_MIN                   
00005e81  __aeabi_ddiv                  
00005fb7  GPIOPadConfigSet              
000060e9  SysCtlClockGet                
000061f9  __aeabi_dmul                  
000062f5  main                          
000063c5  TIMEOUTinit                   
00006421  TimerTIMEOUT                  
00006465  __aeabi_memcpy                
00006465  __aeabi_memcpy4               
00006465  __aeabi_memcpy8               
00006465  memcpy                        
00006501  __aeabi_memclr                
00006501  __aeabi_memclr4               
00006501  __aeabi_memclr8               
00006503  __aeabi_memset                
00006503  __aeabi_memset4               
00006503  __aeabi_memset8               
00006509  memset                        
0000657b  __aeabi_d2f                   
000065e9  IntEnable                     
00006651  __TI_decompress_lzss          
00006755  GPIOPinConfigure              
0000679d  UARTConfigSetExpClk           
00006829  __TI_auto_init_nobinit_nopinit
0000686d  __aeabi_uidiv                 
0000686d  __aeabi_uidivmod              
000068ad  __aeabi_f2d                   
000068e5  strncpy                       
0000691d  IntRegister                   
00006951  SysCtlPeripheralEnable        
00006985  _c_int00_noargs               
000069b9  strstr                        
000069ed  GPIODirModeSet                
00006a19  UARTDisable                   
00006a39  __aeabi_ui2d                  
00006a59  strcat                        
00006a77  ADCIntRegister                
00006a8f  GPIOIntRegister               
00006aa7  TimerIntRegister              
00006abf  strcmp                        
00006ad7  UARTEnable                    
00006aeb  strcpy                        
00006aff  strlen                        
00006b13  GPIOPinTypeUART               
00006b25  SysCtlReset                   
00006b35  WatchdogIntRegister           
00006b45  toupper                       
00006b55  GPIOIntDisable                
00006b63  GPIOIntStatus                 
00006b71  UARTCharGetNonBlocking        
00006b7f  UARTCharPutNonBlocking        
00006b8d  UARTCharsAvail                
00006b9b  __TI_decompress_none          
00006ba9  GPIOIntEnable                 
00006bb5  __TI_zero_init                
00006bc1  ResetISR                      
00006bcd  UARTCharGet                   
00006bd7  UARTCharPut                   
00006be1  UARTIntStatus                 
00006beb  GPIOIntClear                  
00006bf1  SysCtlDelay                   
00006bf7  UARTClockSourceSet            
00006bfd  UARTIntClear                  
00006c01  _system_pre_init              
00006c05  C$$EXIT                       
00006c05  abort                         
00006e12  _ctypes_                      
000073f0  __TI_Handler_Table_Base       
000073fc  __TI_Handler_Table_Limit      
00007410  __TI_CINIT_Base               
00007428  __TI_CINIT_Limit              
20000000  __start___llvm_prf_cnts       
20000000  __stop___llvm_prf_cnts        
20000000  g_pfnRAMVectors               
2000026c  ARCHIVO_DATOS                 
20000964  ARCHIVO_LOG                   
20001680  texto                         
200017c8  datos                         
2000187c  ENTRADA                       
200018c0  d_viento                      
200018dc  gota                          
200018f8  humedad                       
20001914  humedad_dht22                 
20001930  lluvia                        
2000194c  luz                           
20001968  temperatura                   
20001984  temperatura_dht22             
200019a0  vBat                          
200019bc  vLipo                         
200019d8  v_viento                      
20001a0c  ui32ADC1Value                 
20001a28  data_buffer                   
20001a30  th                            
20001a3c  dht_timing                    
20001a40  start_timer                   
20001a44  veleta                        
20001a50  __stack                       
20001c50  __STACK_END                   
20001c50  __STACK_TOP                   
20001c50  g_psFResultStrings            
20001cf0  g_psCmdTable                  
20001dac  diferencia                    
20001db0  milis                         
20001db4  Tant_TIMEOUT1                 
20001db8  TIMEOUT1                      
20001dbc  flag_count                    
20001dc0  tanterior_1S                  
20001dc4  tanterior_10S                 
20001dc8  tanterior_ENVIO               
20001dcc  t_ENVIO                       
20001dd0  contador_timeproc             
20001dd4  flag_TIMEOUT1                 
20001dd5  flagCONVERSION_1S             
20001dd6  flagCONVERSION_10S            
20001dd7  flagENVIO                     
20001dd8  corriente                     
20001ddc  voltaje                       
20001de0  potencia                      
20001de4  ftemperatura                  
20001de8  fhumedad                      
20001dec  presion                       
20001df0  cont                          
20001df4  err                           
20001df8  estado                        
20001dfc  i                             
20001dfd  FLAG_dato_nuevo               
20001e00  EstadoEntradas                
20001e04  t_actual                      
20001e08  diff                          
20001e0c  cont_ane                      
20001e10  cont_pluv                     
20001e14  interrupt_status              
20001e18  contador_inicia               
20001e1c  direccion                     
20001e38  flag_timeout                  
20001e3c  contador_timeout              
20001e40  quit_timing                   
20001e41  ERROR                         
20001e44  contadorTimer5                
ffffffff  __TI_pprof_out_hndl           
ffffffff  __TI_prof_data_size           
ffffffff  __TI_prof_data_start          
ffffffff  __binit__                     
ffffffff  __c_args__                    
ffffffff  binit                         
UNDEFED   __mpu_init                    
UNDEFED   _system_post_cinit            

[237 symbols]
