<?xml version="1.0" encoding="ISO-8859-1" ?>
<link_info>
   <banner>TI ARM Linker PC v20.2.0.LTS</banner>
   <copyright>Copyright (c) 1996-2018 Texas Instruments Incorporated</copyright>
   <link_time>0x5f11cac8</link_time>
   <link_errors>0x0</link_errors>
   <output_file>SD3.out</output_file>
   <entry_point>
      <name>_c_int00_noargs</name>
      <address>0x6985</address>
   </entry_point>
   <input_file_list>
      <input_file id="fl-2">
         <path>.\</path>
         <kind>object</kind>
         <file>SD.obj</file>
         <name>SD.obj</name>
      </input_file>
      <input_file id="fl-3">
         <path>.\</path>
         <kind>object</kind>
         <file>tm4c1231h6pm_startup_ccs.obj</file>
         <name>tm4c1231h6pm_startup_ccs.obj</name>
      </input_file>
      <input_file id="fl-4">
         <path>.\LIBS\</path>
         <kind>object</kind>
         <file>AnemometroVeletaPluviometro.obj</file>
         <name>AnemometroVeletaPluviometro.obj</name>
      </input_file>
      <input_file id="fl-5">
         <path>.\LIBS\</path>
         <kind>object</kind>
         <file>BME280mio.obj</file>
         <name>BME280mio.obj</name>
      </input_file>
      <input_file id="fl-6">
         <path>.\LIBS\</path>
         <kind>object</kind>
         <file>BQ32000.obj</file>
         <name>BQ32000.obj</name>
      </input_file>
      <input_file id="fl-7">
         <path>.\LIBS\</path>
         <kind>object</kind>
         <file>GPIOs.obj</file>
         <name>GPIOs.obj</name>
      </input_file>
      <input_file id="fl-8">
         <path>.\LIBS\</path>
         <kind>object</kind>
         <file>I2Cmio.obj</file>
         <name>I2Cmio.obj</name>
      </input_file>
      <input_file id="fl-9">
         <path>.\LIBS\</path>
         <kind>object</kind>
         <file>INA226.obj</file>
         <name>INA226.obj</name>
      </input_file>
      <input_file id="fl-a">
         <path>.\LIBS\</path>
         <kind>object</kind>
         <file>SDmio.obj</file>
         <name>SDmio.obj</name>
      </input_file>
      <input_file id="fl-b">
         <path>.\LIBS\</path>
         <kind>object</kind>
         <file>Timeout.obj</file>
         <name>Timeout.obj</name>
      </input_file>
      <input_file id="fl-c">
         <path>.\LIBS\</path>
         <kind>object</kind>
         <file>UART.obj</file>
         <name>UART.obj</name>
      </input_file>
      <input_file id="fl-d">
         <path>.\LIBS\</path>
         <kind>object</kind>
         <file>dht22_mio.obj</file>
         <name>dht22_mio.obj</name>
      </input_file>
      <input_file id="fl-e">
         <path>.\LIBS\</path>
         <kind>object</kind>
         <file>inicio.obj</file>
         <name>inicio.obj</name>
      </input_file>
      <input_file id="fl-f">
         <path>.\LIBS\</path>
         <kind>object</kind>
         <file>sd_fs.obj</file>
         <name>sd_fs.obj</name>
      </input_file>
      <input_file id="fl-10">
         <path>.\LIBS\</path>
         <kind>object</kind>
         <file>tick.obj</file>
         <name>tick.obj</name>
      </input_file>
      <input_file id="fl-11">
         <path>.\LIBS\</path>
         <kind>object</kind>
         <file>uartstdio.obj</file>
         <name>uartstdio.obj</name>
      </input_file>
      <input_file id="fl-12">
         <path>.\LIBS\</path>
         <kind>object</kind>
         <file>variables.obj</file>
         <name>variables.obj</name>
      </input_file>
      <input_file id="fl-13">
         <path>.\fatfs\port\</path>
         <kind>object</kind>
         <file>mmc-dk-tm4c123g.obj</file>
         <name>mmc-dk-tm4c123g.obj</name>
      </input_file>
      <input_file id="fl-14">
         <path>.\fatfs\src\</path>
         <kind>object</kind>
         <file>ff.obj</file>
         <name>ff.obj</name>
      </input_file>
      <input_file id="fl-18">
         <kind>object</kind>
         <file>&lt;internal&gt;</file>
         <name>&lt;internal&gt;</name>
      </input_file>
      <input_file id="fl-19">
         <path>..\</path>
         <kind>archive</kind>
         <file>driverlib.lib</file>
         <name>adc.obj</name>
      </input_file>
      <input_file id="fl-1a">
         <path>..\</path>
         <kind>archive</kind>
         <file>driverlib.lib</file>
         <name>gpio.obj</name>
      </input_file>
      <input_file id="fl-1b">
         <path>..\</path>
         <kind>archive</kind>
         <file>driverlib.lib</file>
         <name>i2c.obj</name>
      </input_file>
      <input_file id="fl-1c">
         <path>..\</path>
         <kind>archive</kind>
         <file>driverlib.lib</file>
         <name>interrupt.obj</name>
      </input_file>
      <input_file id="fl-1d">
         <path>..\</path>
         <kind>archive</kind>
         <file>driverlib.lib</file>
         <name>sysctl.obj</name>
      </input_file>
      <input_file id="fl-1e">
         <path>..\</path>
         <kind>archive</kind>
         <file>driverlib.lib</file>
         <name>systick.obj</name>
      </input_file>
      <input_file id="fl-1f">
         <path>..\</path>
         <kind>archive</kind>
         <file>driverlib.lib</file>
         <name>timer.obj</name>
      </input_file>
      <input_file id="fl-20">
         <path>..\</path>
         <kind>archive</kind>
         <file>driverlib.lib</file>
         <name>uart.obj</name>
      </input_file>
      <input_file id="fl-21">
         <path>..\</path>
         <kind>archive</kind>
         <file>driverlib.lib</file>
         <name>watchdog.obj</name>
      </input_file>
      <input_file id="fl-22">
         <path>..\</path>
         <kind>archive</kind>
         <file>driverlib.lib</file>
         <name>cpu.obj</name>
      </input_file>
      <input_file id="fl-d9">
         <path>C:\ti\ccs1000\ccs\tools\compiler\ti-cgt-arm_20.2.0.LTS\lib\</path>
         <kind>archive</kind>
         <file>rtsv7M4_T_le_v4SPD16_eabi.lib</file>
         <name>fd_div_t2.asm.obj</name>
      </input_file>
      <input_file id="fl-da">
         <path>C:\ti\ccs1000\ccs\tools\compiler\ti-cgt-arm_20.2.0.LTS\lib\</path>
         <kind>archive</kind>
         <file>rtsv7M4_T_le_v4SPD16_eabi.lib</file>
         <name>fd_mul_t2.asm.obj</name>
      </input_file>
      <input_file id="fl-db">
         <path>C:\ti\ccs1000\ccs\tools\compiler\ti-cgt-arm_20.2.0.LTS\lib\</path>
         <kind>archive</kind>
         <file>rtsv7M4_T_le_v4SPD16_eabi.lib</file>
         <name>fd_tos_t2.asm.obj</name>
      </input_file>
      <input_file id="fl-dc">
         <path>C:\ti\ccs1000\ccs\tools\compiler\ti-cgt-arm_20.2.0.LTS\lib\</path>
         <kind>archive</kind>
         <file>rtsv7M4_T_le_v4SPD16_eabi.lib</file>
         <name>fs_tod_t2.asm.obj</name>
      </input_file>
      <input_file id="fl-dd">
         <path>C:\ti\ccs1000\ccs\tools\compiler\ti-cgt-arm_20.2.0.LTS\lib\</path>
         <kind>archive</kind>
         <file>rtsv7M4_T_le_v4SPD16_eabi.lib</file>
         <name>ll_mul_t2.asm.obj</name>
      </input_file>
      <input_file id="fl-de">
         <path>C:\ti\ccs1000\ccs\tools\compiler\ti-cgt-arm_20.2.0.LTS\lib\</path>
         <kind>archive</kind>
         <file>rtsv7M4_T_le_v4SPD16_eabi.lib</file>
         <name>ll_tofs_t2.asm.obj</name>
      </input_file>
      <input_file id="fl-df">
         <path>C:\ti\ccs1000\ccs\tools\compiler\ti-cgt-arm_20.2.0.LTS\lib\</path>
         <kind>archive</kind>
         <file>rtsv7M4_T_le_v4SPD16_eabi.lib</file>
         <name>u_tofd_t2.asm.obj</name>
      </input_file>
      <input_file id="fl-e0">
         <path>C:\ti\ccs1000\ccs\tools\compiler\ti-cgt-arm_20.2.0.LTS\lib\</path>
         <kind>archive</kind>
         <file>rtsv7M4_T_le_v4SPD16_eabi.lib</file>
         <name>ll_div_t2.asm.obj</name>
      </input_file>
      <input_file id="fl-e1">
         <path>C:\ti\ccs1000\ccs\tools\compiler\ti-cgt-arm_20.2.0.LTS\lib\</path>
         <kind>archive</kind>
         <file>rtsv7M4_T_le_v4SPD16_eabi.lib</file>
         <name>ull_div_t2.asm.obj</name>
      </input_file>
      <input_file id="fl-e2">
         <path>C:\ti\ccs1000\ccs\tools\compiler\ti-cgt-arm_20.2.0.LTS\lib\</path>
         <kind>archive</kind>
         <file>rtsv7M4_T_le_v4SPD16_eabi.lib</file>
         <name>u_divt2.asm.obj</name>
      </input_file>
      <input_file id="fl-e3">
         <path>C:\ti\ccs1000\ccs\tools\compiler\ti-cgt-arm_20.2.0.LTS\lib\</path>
         <kind>archive</kind>
         <file>rtsv7M4_T_le_v4SPD16_eabi.lib</file>
         <name>copy_zero_init.c.obj</name>
      </input_file>
      <input_file id="fl-e4">
         <path>C:\ti\ccs1000\ccs\tools\compiler\ti-cgt-arm_20.2.0.LTS\lib\</path>
         <kind>archive</kind>
         <file>rtsv7M4_T_le_v4SPD16_eabi.lib</file>
         <name>copy_decompress_none.c.obj</name>
      </input_file>
      <input_file id="fl-e5">
         <path>C:\ti\ccs1000\ccs\tools\compiler\ti-cgt-arm_20.2.0.LTS\lib\</path>
         <kind>archive</kind>
         <file>rtsv7M4_T_le_v4SPD16_eabi.lib</file>
         <name>copy_decompress_lzss.c.obj</name>
      </input_file>
      <input_file id="fl-e6">
         <path>C:\ti\ccs1000\ccs\tools\compiler\ti-cgt-arm_20.2.0.LTS\lib\</path>
         <kind>archive</kind>
         <file>rtsv7M4_T_le_v4SPD16_eabi.lib</file>
         <name>strcat.c.obj</name>
      </input_file>
      <input_file id="fl-e7">
         <path>C:\ti\ccs1000\ccs\tools\compiler\ti-cgt-arm_20.2.0.LTS\lib\</path>
         <kind>archive</kind>
         <file>rtsv7M4_T_le_v4SPD16_eabi.lib</file>
         <name>strcmp.c.obj</name>
      </input_file>
      <input_file id="fl-e8">
         <path>C:\ti\ccs1000\ccs\tools\compiler\ti-cgt-arm_20.2.0.LTS\lib\</path>
         <kind>archive</kind>
         <file>rtsv7M4_T_le_v4SPD16_eabi.lib</file>
         <name>strcpy.c.obj</name>
      </input_file>
      <input_file id="fl-e9">
         <path>C:\ti\ccs1000\ccs\tools\compiler\ti-cgt-arm_20.2.0.LTS\lib\</path>
         <kind>archive</kind>
         <file>rtsv7M4_T_le_v4SPD16_eabi.lib</file>
         <name>strlen.c.obj</name>
      </input_file>
      <input_file id="fl-ea">
         <path>C:\ti\ccs1000\ccs\tools\compiler\ti-cgt-arm_20.2.0.LTS\lib\</path>
         <kind>archive</kind>
         <file>rtsv7M4_T_le_v4SPD16_eabi.lib</file>
         <name>strncpy.c.obj</name>
      </input_file>
      <input_file id="fl-eb">
         <path>C:\ti\ccs1000\ccs\tools\compiler\ti-cgt-arm_20.2.0.LTS\lib\</path>
         <kind>archive</kind>
         <file>rtsv7M4_T_le_v4SPD16_eabi.lib</file>
         <name>strstr.c.obj</name>
      </input_file>
      <input_file id="fl-ec">
         <path>C:\ti\ccs1000\ccs\tools\compiler\ti-cgt-arm_20.2.0.LTS\lib\</path>
         <kind>archive</kind>
         <file>rtsv7M4_T_le_v4SPD16_eabi.lib</file>
         <name>toupper.c.obj</name>
      </input_file>
      <input_file id="fl-ed">
         <path>C:\ti\ccs1000\ccs\tools\compiler\ti-cgt-arm_20.2.0.LTS\lib\</path>
         <kind>archive</kind>
         <file>rtsv7M4_T_le_v4SPD16_eabi.lib</file>
         <name>boot_cortex_m.c.obj</name>
      </input_file>
      <input_file id="fl-ee">
         <path>C:\ti\ccs1000\ccs\tools\compiler\ti-cgt-arm_20.2.0.LTS\lib\</path>
         <kind>archive</kind>
         <file>rtsv7M4_T_le_v4SPD16_eabi.lib</file>
         <name>div0.asm.obj</name>
      </input_file>
      <input_file id="fl-ef">
         <path>C:\ti\ccs1000\ccs\tools\compiler\ti-cgt-arm_20.2.0.LTS\lib\</path>
         <kind>archive</kind>
         <file>rtsv7M4_T_le_v4SPD16_eabi.lib</file>
         <name>memcpy_t2.asm.obj</name>
      </input_file>
      <input_file id="fl-f0">
         <path>C:\ti\ccs1000\ccs\tools\compiler\ti-cgt-arm_20.2.0.LTS\lib\</path>
         <kind>archive</kind>
         <file>rtsv7M4_T_le_v4SPD16_eabi.lib</file>
         <name>memset_t2.asm.obj</name>
      </input_file>
      <input_file id="fl-f1">
         <path>C:\ti\ccs1000\ccs\tools\compiler\ti-cgt-arm_20.2.0.LTS\lib\</path>
         <kind>archive</kind>
         <file>rtsv7M4_T_le_v4SPD16_eabi.lib</file>
         <name>autoinit.c.obj</name>
      </input_file>
      <input_file id="fl-f2">
         <path>C:\ti\ccs1000\ccs\tools\compiler\ti-cgt-arm_20.2.0.LTS\lib\</path>
         <kind>archive</kind>
         <file>rtsv7M4_T_le_v4SPD16_eabi.lib</file>
         <name>pre_init.c.obj</name>
      </input_file>
      <input_file id="fl-f3">
         <path>C:\ti\ccs1000\ccs\tools\compiler\ti-cgt-arm_20.2.0.LTS\lib\</path>
         <kind>archive</kind>
         <file>rtsv7M4_T_le_v4SPD16_eabi.lib</file>
         <name>cpy_tbl.c.obj</name>
      </input_file>
      <input_file id="fl-f4">
         <path>C:\ti\ccs1000\ccs\tools\compiler\ti-cgt-arm_20.2.0.LTS\lib\</path>
         <kind>archive</kind>
         <file>rtsv7M4_T_le_v4SPD16_eabi.lib</file>
         <name>exit.c.obj</name>
      </input_file>
      <input_file id="fl-f5">
         <path>C:\ti\ccs1000\ccs\tools\compiler\ti-cgt-arm_20.2.0.LTS\lib\</path>
         <kind>archive</kind>
         <file>rtsv7M4_T_le_v4SPD16_eabi.lib</file>
         <name>_lock.c.obj</name>
      </input_file>
      <input_file id="fl-f6">
         <path>C:\ti\ccs1000\ccs\tools\compiler\ti-cgt-arm_20.2.0.LTS\lib\</path>
         <kind>archive</kind>
         <file>rtsv7M4_T_le_v4SPD16_eabi.lib</file>
         <name>args_main.c.obj</name>
      </input_file>
      <input_file id="fl-f7">
         <path>C:\ti\ccs1000\ccs\tools\compiler\ti-cgt-arm_20.2.0.LTS\lib\</path>
         <kind>archive</kind>
         <file>rtsv7M4_T_le_v4SPD16_eabi.lib</file>
         <name>ctype.c.obj</name>
      </input_file>
   </input_file_list>
   <object_component_list>
      <object_component id="oc-12">
         <name>.intvecs</name>
         <load_address>0x0</load_address>
         <run_address>0x0</run_address>
         <size>0x26c</size>
         <input_file_ref idref="fl-3"/>
      </object_component>
      <object_component id="oc-2b5">
         <name>.text</name>
         <load_address>0x26c</load_address>
         <run_address>0x26c</run_address>
         <size>0x2a0e</size>
         <input_file_ref idref="fl-14"/>
      </object_component>
      <object_component id="oc-2e7">
         <name>.text</name>
         <load_address>0x2c7a</load_address>
         <run_address>0x2c7a</run_address>
         <size>0x2</size>
         <input_file_ref idref="fl-ee"/>
      </object_component>
      <object_component id="oc-37d">
         <name>.text</name>
         <load_address>0x2c7c</load_address>
         <run_address>0x2c7c</run_address>
         <size>0x9c8</size>
         <input_file_ref idref="fl-13"/>
      </object_component>
      <object_component id="oc-cf">
         <name>.text</name>
         <load_address>0x3644</load_address>
         <run_address>0x3644</run_address>
         <size>0x914</size>
         <input_file_ref idref="fl-11"/>
      </object_component>
      <object_component id="oc-172">
         <name>.text</name>
         <load_address>0x3f58</load_address>
         <run_address>0x3f58</run_address>
         <size>0x610</size>
         <input_file_ref idref="fl-4"/>
      </object_component>
      <object_component id="oc-16c">
         <name>.text</name>
         <load_address>0x4568</load_address>
         <run_address>0x4568</run_address>
         <size>0x5d8</size>
         <input_file_ref idref="fl-d"/>
      </object_component>
      <object_component id="oc-2bb">
         <name>.text</name>
         <load_address>0x4b40</load_address>
         <run_address>0x4b40</run_address>
         <size>0x484</size>
         <input_file_ref idref="fl-f"/>
      </object_component>
      <object_component id="oc-166">
         <name>.text</name>
         <load_address>0x4fc4</load_address>
         <run_address>0x4fc4</run_address>
         <size>0x384</size>
         <input_file_ref idref="fl-7"/>
      </object_component>
      <object_component id="oc-c9">
         <name>.text</name>
         <load_address>0x5348</load_address>
         <run_address>0x5348</run_address>
         <size>0x380</size>
         <input_file_ref idref="fl-e"/>
      </object_component>
      <object_component id="oc-17e">
         <name>.text</name>
         <load_address>0x56c8</load_address>
         <run_address>0x56c8</run_address>
         <size>0x350</size>
         <input_file_ref idref="fl-a"/>
      </object_component>
      <object_component id="oc-160">
         <name>.text</name>
         <load_address>0x5a18</load_address>
         <run_address>0x5a18</run_address>
         <size>0x280</size>
         <input_file_ref idref="fl-c"/>
      </object_component>
      <object_component id="oc-154">
         <name>.text</name>
         <load_address>0x5c98</load_address>
         <run_address>0x5c98</run_address>
         <size>0x1e8</size>
         <input_file_ref idref="fl-12"/>
      </object_component>
      <object_component id="oc-297">
         <name>.text</name>
         <load_address>0x5e80</load_address>
         <run_address>0x5e80</run_address>
         <size>0x136</size>
         <input_file_ref idref="fl-d9"/>
      </object_component>
      <object_component id="oc-337">
         <name>.text:GPIOPadConfigSet</name>
         <load_address>0x5fb6</load_address>
         <run_address>0x5fb6</run_address>
         <size>0x132</size>
         <input_file_ref idref="fl-1a"/>
      </object_component>
      <object_component id="oc-ed">
         <name>.text:SysCtlClockGet</name>
         <load_address>0x60e8</load_address>
         <run_address>0x60e8</run_address>
         <size>0x110</size>
         <input_file_ref idref="fl-1d"/>
      </object_component>
      <object_component id="oc-28d">
         <name>.text</name>
         <load_address>0x61f8</load_address>
         <run_address>0x61f8</run_address>
         <size>0xfc</size>
         <input_file_ref idref="fl-da"/>
      </object_component>
      <object_component id="oc-9b">
         <name>.text</name>
         <load_address>0x62f4</load_address>
         <run_address>0x62f4</run_address>
         <size>0xd0</size>
         <input_file_ref idref="fl-2"/>
      </object_component>
      <object_component id="oc-26a">
         <name>.text</name>
         <load_address>0x63c4</load_address>
         <run_address>0x63c4</run_address>
         <size>0xa0</size>
         <input_file_ref idref="fl-b"/>
      </object_component>
      <object_component id="oc-3b">
         <name>.text</name>
         <load_address>0x6464</load_address>
         <run_address>0x6464</run_address>
         <size>0x9c</size>
         <input_file_ref idref="fl-ef"/>
      </object_component>
      <object_component id="oc-8f">
         <name>.text</name>
         <load_address>0x6500</load_address>
         <run_address>0x6500</run_address>
         <size>0x7a</size>
         <input_file_ref idref="fl-f0"/>
      </object_component>
      <object_component id="oc-292">
         <name>.text</name>
         <load_address>0x657a</load_address>
         <run_address>0x657a</run_address>
         <size>0x6e</size>
         <input_file_ref idref="fl-db"/>
      </object_component>
      <object_component id="oc-2c4">
         <name>.text:IntEnable</name>
         <load_address>0x65e8</load_address>
         <run_address>0x65e8</run_address>
         <size>0x68</size>
         <input_file_ref idref="fl-1c"/>
      </object_component>
      <object_component id="oc-15">
         <name>.text:decompress:lzss:__TI_decompress_lzss</name>
         <load_address>0x6650</load_address>
         <run_address>0x6650</run_address>
         <size>0x68</size>
         <input_file_ref idref="fl-e5"/>
      </object_component>
      <object_component id="oc-370">
         <name>.text:_ADCIntNumberGet</name>
         <load_address>0x66b8</load_address>
         <run_address>0x66b8</run_address>
         <size>0x50</size>
         <input_file_ref idref="fl-19"/>
      </object_component>
      <object_component id="oc-358">
         <name>.text:_TimerIntNumberGet</name>
         <load_address>0x6708</load_address>
         <run_address>0x6708</run_address>
         <size>0x4c</size>
         <input_file_ref idref="fl-1f"/>
      </object_component>
      <object_component id="oc-231">
         <name>.text:GPIOPinConfigure</name>
         <load_address>0x6754</load_address>
         <run_address>0x6754</run_address>
         <size>0x48</size>
         <input_file_ref idref="fl-1a"/>
      </object_component>
      <object_component id="oc-23d">
         <name>.text:UARTConfigSetExpClk</name>
         <load_address>0x679c</load_address>
         <run_address>0x679c</run_address>
         <size>0x46</size>
         <input_file_ref idref="fl-20"/>
      </object_component>
      <object_component id="oc-350">
         <name>.text:_GPIOIntNumberGet</name>
         <load_address>0x67e4</load_address>
         <run_address>0x67e4</run_address>
         <size>0x44</size>
         <input_file_ref idref="fl-1a"/>
      </object_component>
      <object_component id="oc-107">
         <name>.text:__TI_auto_init_nobinit_nopinit:__TI_auto_init_nobinit_nopinit</name>
         <load_address>0x6828</load_address>
         <run_address>0x6828</run_address>
         <size>0x44</size>
         <input_file_ref idref="fl-f1"/>
      </object_component>
      <object_component id="oc-1bc">
         <name>.text</name>
         <load_address>0x686c</load_address>
         <run_address>0x686c</run_address>
         <size>0x40</size>
         <input_file_ref idref="fl-e2"/>
      </object_component>
      <object_component id="oc-29c">
         <name>.text</name>
         <load_address>0x68ac</load_address>
         <run_address>0x68ac</run_address>
         <size>0x38</size>
         <input_file_ref idref="fl-dc"/>
      </object_component>
      <object_component id="oc-393">
         <name>.text:strncpy</name>
         <load_address>0x68e4</load_address>
         <run_address>0x68e4</run_address>
         <size>0x36</size>
         <input_file_ref idref="fl-ea"/>
      </object_component>
      <object_component id="oc-18a">
         <name>.text:IntRegister</name>
         <load_address>0x691c</load_address>
         <run_address>0x691c</run_address>
         <size>0x34</size>
         <input_file_ref idref="fl-1c"/>
      </object_component>
      <object_component id="oc-22b">
         <name>.text:SysCtlPeripheralEnable</name>
         <load_address>0x6950</load_address>
         <run_address>0x6950</run_address>
         <size>0x34</size>
         <input_file_ref idref="fl-1d"/>
      </object_component>
      <object_component id="oc-59">
         <name>.text:_c_int00_noargs:_c_int00_noargs</name>
         <load_address>0x6984</load_address>
         <run_address>0x6984</run_address>
         <size>0x34</size>
         <input_file_ref idref="fl-ed"/>
      </object_component>
      <object_component id="oc-e7">
         <name>.text:strstr</name>
         <load_address>0x69b8</load_address>
         <run_address>0x69b8</run_address>
         <size>0x34</size>
         <input_file_ref idref="fl-eb"/>
      </object_component>
      <object_component id="oc-331">
         <name>.text:GPIODirModeSet</name>
         <load_address>0x69ec</load_address>
         <run_address>0x69ec</run_address>
         <size>0x2a</size>
         <input_file_ref idref="fl-1a"/>
      </object_component>
      <object_component id="oc-33e">
         <name>.text:UARTDisable</name>
         <load_address>0x6a18</load_address>
         <run_address>0x6a18</run_address>
         <size>0x20</size>
         <input_file_ref idref="fl-20"/>
      </object_component>
      <object_component id="oc-288">
         <name>.text</name>
         <load_address>0x6a38</load_address>
         <run_address>0x6a38</run_address>
         <size>0x20</size>
         <input_file_ref idref="fl-df"/>
      </object_component>
      <object_component id="oc-15a">
         <name>.text:strcat</name>
         <load_address>0x6a58</load_address>
         <run_address>0x6a58</run_address>
         <size>0x1e</size>
         <input_file_ref idref="fl-e6"/>
      </object_component>
      <object_component id="oc-2a8">
         <name>.text:ADCIntRegister</name>
         <load_address>0x6a76</load_address>
         <run_address>0x6a76</run_address>
         <size>0x18</size>
         <input_file_ref idref="fl-19"/>
      </object_component>
      <object_component id="oc-257">
         <name>.text:GPIOIntRegister</name>
         <load_address>0x6a8e</load_address>
         <run_address>0x6a8e</run_address>
         <size>0x18</size>
         <input_file_ref idref="fl-1a"/>
      </object_component>
      <object_component id="oc-264">
         <name>.text:TimerIntRegister</name>
         <load_address>0x6aa6</load_address>
         <run_address>0x6aa6</run_address>
         <size>0x18</size>
         <input_file_ref idref="fl-1f"/>
      </object_component>
      <object_component id="oc-399">
         <name>.text:strcmp</name>
         <load_address>0x6abe</load_address>
         <run_address>0x6abe</run_address>
         <size>0x18</size>
         <input_file_ref idref="fl-e7"/>
      </object_component>
      <object_component id="oc-344">
         <name>.text:UARTEnable</name>
         <load_address>0x6ad6</load_address>
         <run_address>0x6ad6</run_address>
         <size>0x14</size>
         <input_file_ref idref="fl-20"/>
      </object_component>
      <object_component id="oc-178">
         <name>.text:strcpy</name>
         <load_address>0x6aea</load_address>
         <run_address>0x6aea</run_address>
         <size>0x14</size>
         <input_file_ref idref="fl-e8"/>
      </object_component>
      <object_component id="oc-207">
         <name>.text:strlen</name>
         <load_address>0x6afe</load_address>
         <run_address>0x6afe</run_address>
         <size>0x14</size>
         <input_file_ref idref="fl-e9"/>
      </object_component>
      <object_component id="oc-237">
         <name>.text:GPIOPinTypeUART</name>
         <load_address>0x6b12</load_address>
         <run_address>0x6b12</run_address>
         <size>0x12</size>
         <input_file_ref idref="fl-1a"/>
      </object_component>
      <object_component id="oc-251">
         <name>.text:SysCtlReset</name>
         <load_address>0x6b24</load_address>
         <run_address>0x6b24</run_address>
         <size>0x10</size>
         <input_file_ref idref="fl-1d"/>
      </object_component>
      <object_component id="oc-184">
         <name>.text:WatchdogIntRegister</name>
         <load_address>0x6b34</load_address>
         <run_address>0x6b34</run_address>
         <size>0x10</size>
         <input_file_ref idref="fl-21"/>
      </object_component>
      <object_component id="oc-e1">
         <name>.text:toupper</name>
         <load_address>0x6b44</load_address>
         <run_address>0x6b44</run_address>
         <size>0x10</size>
         <input_file_ref idref="fl-ec"/>
      </object_component>
      <object_component id="oc-276">
         <name>.text:GPIOIntDisable</name>
         <load_address>0x6b54</load_address>
         <run_address>0x6b54</run_address>
         <size>0xe</size>
         <input_file_ref idref="fl-1a"/>
      </object_component>
      <object_component id="oc-2a1">
         <name>.text:GPIOIntStatus</name>
         <load_address>0x6b62</load_address>
         <run_address>0x6b62</run_address>
         <size>0xe</size>
         <input_file_ref idref="fl-1a"/>
      </object_component>
      <object_component id="oc-21f">
         <name>.text:UARTCharGetNonBlocking</name>
         <load_address>0x6b70</load_address>
         <run_address>0x6b70</run_address>
         <size>0xe</size>
         <input_file_ref idref="fl-20"/>
      </object_component>
      <object_component id="oc-225">
         <name>.text:UARTCharPutNonBlocking</name>
         <load_address>0x6b7e</load_address>
         <run_address>0x6b7e</run_address>
         <size>0xe</size>
         <input_file_ref idref="fl-20"/>
      </object_component>
      <object_component id="oc-d5">
         <name>.text:UARTCharsAvail</name>
         <load_address>0x6b8c</load_address>
         <run_address>0x6b8c</run_address>
         <size>0xe</size>
         <input_file_ref idref="fl-20"/>
      </object_component>
      <object_component id="oc-1b">
         <name>.text:decompress:none:__TI_decompress_none</name>
         <load_address>0x6b9a</load_address>
         <run_address>0x6b9a</run_address>
         <size>0xe</size>
         <input_file_ref idref="fl-e4"/>
      </object_component>
      <object_component id="oc-25d">
         <name>.text:GPIOIntEnable</name>
         <load_address>0x6ba8</load_address>
         <run_address>0x6ba8</run_address>
         <size>0xc</size>
         <input_file_ref idref="fl-1a"/>
      </object_component>
      <object_component id="oc-4d">
         <name>.text:decompress:ZI:__TI_zero_init</name>
         <load_address>0x6bb4</load_address>
         <run_address>0x6bb4</run_address>
         <size>0xc</size>
         <input_file_ref idref="fl-e3"/>
      </object_component>
      <object_component id="oc-27">
         <name>.text</name>
         <load_address>0x6bc0</load_address>
         <run_address>0x6bc0</run_address>
         <size>0xc</size>
         <input_file_ref idref="fl-3"/>
      </object_component>
      <object_component id="oc-db">
         <name>.text:UARTCharGet</name>
         <load_address>0x6bcc</load_address>
         <run_address>0x6bcc</run_address>
         <size>0xa</size>
         <input_file_ref idref="fl-20"/>
      </object_component>
      <object_component id="oc-243">
         <name>.text:UARTCharPut</name>
         <load_address>0x6bd6</load_address>
         <run_address>0x6bd6</run_address>
         <size>0xa</size>
         <input_file_ref idref="fl-20"/>
      </object_component>
      <object_component id="oc-213">
         <name>.text:UARTIntStatus</name>
         <load_address>0x6be0</load_address>
         <run_address>0x6be0</run_address>
         <size>0xa</size>
         <input_file_ref idref="fl-20"/>
      </object_component>
      <object_component id="oc-27c">
         <name>.text:GPIOIntClear</name>
         <load_address>0x6bea</load_address>
         <run_address>0x6bea</run_address>
         <size>0x6</size>
         <input_file_ref idref="fl-1a"/>
      </object_component>
      <object_component id="oc-f3">
         <name>.text:SysCtlDelay</name>
         <load_address>0x6bf0</load_address>
         <run_address>0x6bf0</run_address>
         <size>0x6</size>
         <input_file_ref idref="fl-1d"/>
      </object_component>
      <object_component id="oc-249">
         <name>.text:UARTClockSourceSet</name>
         <load_address>0x6bf6</load_address>
         <run_address>0x6bf6</run_address>
         <size>0x6</size>
         <input_file_ref idref="fl-20"/>
      </object_component>
      <object_component id="oc-219">
         <name>.text:UARTIntClear</name>
         <load_address>0x6bfc</load_address>
         <run_address>0x6bfc</run_address>
         <size>0x4</size>
         <input_file_ref idref="fl-20"/>
      </object_component>
      <object_component id="oc-95">
         <name>.text:_system_pre_init</name>
         <load_address>0x6c00</load_address>
         <run_address>0x6c00</run_address>
         <size>0x4</size>
         <input_file_ref idref="fl-f2"/>
      </object_component>
      <object_component id="oc-fb">
         <name>.text:abort:abort</name>
         <load_address>0x6c04</load_address>
         <run_address>0x6c04</run_address>
         <size>0x4</size>
         <input_file_ref idref="fl-f4"/>
      </object_component>
      <object_component id="oc-40b">
         <name>.const:.string</name>
         <load_address>0x6c08</load_address>
         <run_address>0x6c08</run_address>
         <size>0x20a</size>
         <input_file_ref idref="fl-f"/>
      </object_component>
      <object_component id="oc-1d3">
         <name>.const:.string:_ctypes_</name>
         <load_address>0x6e12</load_address>
         <run_address>0x6e12</run_address>
         <size>0x101</size>
         <input_file_ref idref="fl-f7"/>
      </object_component>
      <object_component id="oc-3eb">
         <name>.const:g_ppui32GPIOIntMapSnowflake</name>
         <load_address>0x6f14</load_address>
         <run_address>0x6f14</run_address>
         <size>0xd8</size>
         <input_file_ref idref="fl-1a"/>
      </object_component>
      <object_component id="oc-3e8">
         <name>.const:g_ppui32GPIOIntMapBlizzard</name>
         <load_address>0x6fec</load_address>
         <run_address>0x6fec</run_address>
         <size>0xc0</size>
         <input_file_ref idref="fl-1a"/>
      </object_component>
      <object_component id="oc-32c">
         <name>.const:g_pui32GPIOBaseAddrs</name>
         <load_address>0x70ac</load_address>
         <run_address>0x70ac</run_address>
         <size>0x90</size>
         <input_file_ref idref="fl-1a"/>
      </object_component>
      <object_component id="oc-3b9">
         <name>.const</name>
         <load_address>0x713c</load_address>
         <run_address>0x713c</run_address>
         <size>0x70</size>
         <input_file_ref idref="fl-1c"/>
      </object_component>
      <object_component id="oc-1da">
         <name>.const:g_pui32Xtals</name>
         <load_address>0x71ac</load_address>
         <run_address>0x71ac</run_address>
         <size>0x6c</size>
         <input_file_ref idref="fl-1d"/>
      </object_component>
      <object_component id="oc-3ef">
         <name>.const:g_ppui32TimerIntMap</name>
         <load_address>0x7218</load_address>
         <run_address>0x7218</run_address>
         <size>0x60</size>
         <input_file_ref idref="fl-1f"/>
      </object_component>
      <object_component id="oc-3f2">
         <name>.const:g_ppui32TimerIntMapSnowflake</name>
         <load_address>0x7278</load_address>
         <run_address>0x7278</run_address>
         <size>0x40</size>
         <input_file_ref idref="fl-1f"/>
      </object_component>
      <object_component id="oc-2ed">
         <name>.const:.string</name>
         <load_address>0x72b8</load_address>
         <run_address>0x72b8</run_address>
         <size>0x12</size>
         <input_file_ref idref="fl-11"/>
      </object_component>
      <object_component id="oc-1b6">
         <name>.const:g_ui32UARTBase</name>
         <load_address>0x72cc</load_address>
         <run_address>0x72cc</run_address>
         <size>0xc</size>
         <input_file_ref idref="fl-11"/>
      </object_component>
      <object_component id="oc-1aa">
         <name>.const:g_ui32UARTInt</name>
         <load_address>0x72d8</load_address>
         <run_address>0x72d8</run_address>
         <size>0xc</size>
         <input_file_ref idref="fl-11"/>
      </object_component>
      <object_component id="oc-1b3">
         <name>.const:g_ui32UARTPeriph</name>
         <load_address>0x72e4</load_address>
         <run_address>0x72e4</run_address>
         <size>0xc</size>
         <input_file_ref idref="fl-11"/>
      </object_component>
      <object_component id="oc-1c1">
         <name>.const</name>
         <load_address>0x72f0</load_address>
         <run_address>0x72f0</run_address>
         <size>0x4</size>
         <input_file_ref idref="fl-11"/>
      </object_component>
      <object_component id="oc-46f">
         <name>.cinit..data.load</name>
         <load_address>0x72f8</load_address>
         <run_address>0x72f8</run_address>
         <size>0xf6</size>
      </object_component>
      <object_component id="oc-46c">
         <name>__TI_handler_table</name>
         <load_address>0x73f0</load_address>
         <run_address>0x73f0</run_address>
         <size>0xc</size>
      </object_component>
      <object_component id="oc-470">
         <name>.cinit..bss.load</name>
         <load_address>0x7400</load_address>
         <run_address>0x7400</run_address>
         <size>0x8</size>
      </object_component>
      <object_component id="oc-46e">
         <name>.cinit..vtable.load</name>
         <load_address>0x7408</load_address>
         <run_address>0x7408</run_address>
         <size>0x8</size>
      </object_component>
      <object_component id="oc-46d">
         <name>__TI_cinit_table</name>
         <load_address>0x7410</load_address>
         <run_address>0x7410</run_address>
         <size>0x18</size>
      </object_component>
      <object_component id="oc-2cc">
         <name>.vtable</name>
         <uninitialized>true</uninitialized>
         <run_address>0x20000000</run_address>
         <size>0x26c</size>
         <input_file_ref idref="fl-1c"/>
      </object_component>
      <object_component id="oc-2ae">
         <name>.data</name>
         <load_address>0x20001e00</load_address>
         <run_address>0x20001e00</run_address>
         <size>0x20</size>
         <input_file_ref idref="fl-4"/>
      </object_component>
      <object_component id="oc-282">
         <name>.data</name>
         <load_address>0x20001e38</load_address>
         <run_address>0x20001e38</run_address>
         <size>0x8</size>
         <input_file_ref idref="fl-b"/>
      </object_component>
      <object_component id="oc-270">
         <name>.data</name>
         <load_address>0x20001e40</load_address>
         <run_address>0x20001e40</run_address>
         <size>0x8</size>
         <input_file_ref idref="fl-d"/>
      </object_component>
      <object_component id="oc-f4">
         <name>.data</name>
         <load_address>0x20001dd8</load_address>
         <run_address>0x20001dd8</run_address>
         <size>0x26</size>
         <input_file_ref idref="fl-e"/>
      </object_component>
      <object_component id="oc-3a2">
         <name>.data:g_pcCwdBuf</name>
         <load_address>0x20001d5c</load_address>
         <run_address>0x20001d5c</run_address>
         <size>0x50</size>
         <input_file_ref idref="fl-f"/>
      </object_component>
      <object_component id="oc-390">
         <name>.data:g_psFResultStrings</name>
         <load_address>0x20001c50</load_address>
         <run_address>0x20001c50</run_address>
         <size>0xa0</size>
         <input_file_ref idref="fl-f"/>
      </object_component>
      <object_component id="oc-3ae">
         <name>.data:g_psCmdTable</name>
         <load_address>0x20001cf0</load_address>
         <run_address>0x20001cf0</run_address>
         <size>0x6c</size>
         <input_file_ref idref="fl-f"/>
      </object_component>
      <object_component id="oc-20d">
         <name>.data</name>
         <load_address>0x20001dac</load_address>
         <run_address>0x20001dac</run_address>
         <size>0x2c</size>
         <input_file_ref idref="fl-10"/>
      </object_component>
      <object_component id="oc-1a7">
         <name>.data</name>
         <load_address>0x20001e20</load_address>
         <run_address>0x20001e20</run_address>
         <size>0x15</size>
         <input_file_ref idref="fl-11"/>
      </object_component>
      <object_component id="oc-400">
         <name>.data</name>
         <load_address>0x20001dfe</load_address>
         <run_address>0x20001dfe</run_address>
         <size>0x2</size>
         <input_file_ref idref="fl-13"/>
      </object_component>
      <object_component id="oc-3a8">
         <name>.bss:g_pcTmpBuf</name>
         <uninitialized>true</uninitialized>
         <run_address>0x2000182c</run_address>
         <size>0x50</size>
         <input_file_ref idref="fl-f"/>
      </object_component>
      <object_component id="oc-39f">
         <name>.bss:g_sDirObject</name>
         <uninitialized>true</uninitialized>
         <run_address>0x200018a4</run_address>
         <size>0x1c</size>
         <input_file_ref idref="fl-f"/>
      </object_component>
      <object_component id="oc-3a5">
         <name>.bss:g_sFileInfo</name>
         <uninitialized>true</uninitialized>
         <run_address>0x200019f4</run_address>
         <size>0x18</size>
         <input_file_ref idref="fl-f"/>
      </object_component>
      <object_component id="oc-3ab">
         <name>.bss:g_sFileObject</name>
         <uninitialized>true</uninitialized>
         <run_address>0x2000145c</run_address>
         <size>0x224</size>
         <input_file_ref idref="fl-f"/>
      </object_component>
      <object_component id="oc-1ad">
         <name>.bss</name>
         <uninitialized>true</uninitialized>
         <run_address>0x20001a20</run_address>
         <size>0x8</size>
         <input_file_ref idref="fl-11"/>
      </object_component>
      <object_component id="oc-1b0">
         <name>.bss:g_pcUARTTxBuffer</name>
         <uninitialized>true</uninitialized>
         <run_address>0x2000105c</run_address>
         <size>0x400</size>
         <input_file_ref idref="fl-11"/>
      </object_component>
      <object_component id="oc-1b9">
         <name>.bss:g_pcUARTRxBuffer</name>
         <uninitialized>true</uninitialized>
         <run_address>0x20001748</run_address>
         <size>0x80</size>
         <input_file_ref idref="fl-11"/>
      </object_component>
      <object_component id="oc-3fd">
         <name>.bss</name>
         <uninitialized>true</uninitialized>
         <run_address>0x20001a48</run_address>
         <size>0x3</size>
         <input_file_ref idref="fl-13"/>
      </object_component>
      <object_component id="oc-383">
         <name>.bss:FatFs</name>
         <uninitialized>true</uninitialized>
         <run_address>0x20001a38</run_address>
         <size>0x4</size>
         <input_file_ref idref="fl-14"/>
      </object_component>
      <object_component id="oc-386">
         <name>.bss</name>
         <uninitialized>true</uninitialized>
         <run_address>0x20001a4c</run_address>
         <size>0x2</size>
         <input_file_ref idref="fl-14"/>
      </object_component>
      <object_component id="oc-193">
         <name>.common:v_viento</name>
         <uninitialized>true</uninitialized>
         <run_address>0x200019d8</run_address>
         <size>0x1c</size>
      </object_component>
      <object_component id="oc-198">
         <name>.common:lluvia</name>
         <uninitialized>true</uninitialized>
         <run_address>0x20001930</run_address>
         <size>0x1c</size>
      </object_component>
      <object_component id="oc-199">
         <name>.common:d_viento</name>
         <uninitialized>true</uninitialized>
         <run_address>0x200018c0</run_address>
         <size>0x1c</size>
      </object_component>
      <object_component id="oc-19a">
         <name>.common:humedad</name>
         <uninitialized>true</uninitialized>
         <run_address>0x200018f8</run_address>
         <size>0x1c</size>
      </object_component>
      <object_component id="oc-19c">
         <name>.common:humedad_dht22</name>
         <uninitialized>true</uninitialized>
         <run_address>0x20001914</run_address>
         <size>0x1c</size>
      </object_component>
      <object_component id="oc-19b">
         <name>.common:temperatura</name>
         <uninitialized>true</uninitialized>
         <run_address>0x20001968</run_address>
         <size>0x1c</size>
      </object_component>
      <object_component id="oc-19d">
         <name>.common:temperatura_dht22</name>
         <uninitialized>true</uninitialized>
         <run_address>0x20001984</run_address>
         <size>0x1c</size>
      </object_component>
      <object_component id="oc-19e">
         <name>.common:gota</name>
         <uninitialized>true</uninitialized>
         <run_address>0x200018dc</run_address>
         <size>0x1c</size>
      </object_component>
      <object_component id="oc-19f">
         <name>.common:vBat</name>
         <uninitialized>true</uninitialized>
         <run_address>0x200019a0</run_address>
         <size>0x1c</size>
      </object_component>
      <object_component id="oc-1a0">
         <name>.common:luz</name>
         <uninitialized>true</uninitialized>
         <run_address>0x2000194c</run_address>
         <size>0x1c</size>
      </object_component>
      <object_component id="oc-1a1">
         <name>.common:vLipo</name>
         <uninitialized>true</uninitialized>
         <run_address>0x200019bc</run_address>
         <size>0x1c</size>
      </object_component>
      <object_component id="oc-1a2">
         <name>.common:ARCHIVO_DATOS</name>
         <uninitialized>true</uninitialized>
         <run_address>0x2000026c</run_address>
         <size>0x6f8</size>
      </object_component>
      <object_component id="oc-1a5">
         <name>.common:ARCHIVO_LOG</name>
         <uninitialized>true</uninitialized>
         <run_address>0x20000964</run_address>
         <size>0x6f8</size>
      </object_component>
      <object_component id="oc-2a7">
         <name>.common:ui32ADC1Value</name>
         <uninitialized>true</uninitialized>
         <run_address>0x20001a0c</run_address>
         <size>0x14</size>
      </object_component>
      <object_component id="oc-2b1">
         <name>.common:veleta</name>
         <uninitialized>true</uninitialized>
         <run_address>0x20001a44</run_address>
         <size>0x4</size>
      </object_component>
      <object_component id="oc-2c2">
         <name>.common:texto</name>
         <uninitialized>true</uninitialized>
         <run_address>0x20001680</run_address>
         <size>0xc8</size>
      </object_component>
      <object_component id="oc-273">
         <name>.common:data_buffer</name>
         <uninitialized>true</uninitialized>
         <run_address>0x20001a28</run_address>
         <size>0x8</size>
      </object_component>
      <object_component id="oc-285">
         <name>.common:dht_timing</name>
         <uninitialized>true</uninitialized>
         <run_address>0x20001a3c</run_address>
         <size>0x4</size>
      </object_component>
      <object_component id="oc-286">
         <name>.common:start_timer</name>
         <uninitialized>true</uninitialized>
         <run_address>0x20001a40</run_address>
         <size>0x4</size>
      </object_component>
      <object_component id="oc-f7">
         <name>.common:ENTRADA</name>
         <uninitialized>true</uninitialized>
         <run_address>0x2000187c</run_address>
         <size>0x28</size>
      </object_component>
      <object_component id="oc-2c1">
         <name>.common:datos</name>
         <uninitialized>true</uninitialized>
         <run_address>0x200017c8</run_address>
         <size>0x64</size>
      </object_component>
      <object_component id="oc-190">
         <name>.common:th</name>
         <uninitialized>true</uninitialized>
         <run_address>0x20001a30</run_address>
         <size>0x8</size>
      </object_component>
      <object_component id="oc-24">
         <name>.stack</name>
         <uninitialized>true</uninitialized>
         <run_address>0x20001a50</run_address>
         <size>0x4</size>
         <input_file_ref idref="fl-ed"/>
      </object_component>
      <object_component id="oc-472">
         <name>.stack</name>
         <uninitialized>true</uninitialized>
         <run_address>0x20001a50</run_address>
         <size>0x0</size>
      </object_component>
      <object_component id="oc-b7">
         <name>.debug_info</name>
         <load_address>0x0</load_address>
         <run_address>0x0</run_address>
         <size>0x666</size>
         <input_file_ref idref="fl-2"/>
      </object_component>
      <object_component id="oc-9c">
         <name>.debug_info</name>
         <load_address>0x666</load_address>
         <run_address>0x666</run_address>
         <size>0x1e0</size>
         <input_file_ref idref="fl-2"/>
      </object_component>
      <object_component id="oc-13b">
         <name>.debug_info</name>
         <load_address>0x846</load_address>
         <run_address>0x846</run_address>
         <size>0x4c5</size>
         <input_file_ref idref="fl-2"/>
      </object_component>
      <object_component id="oc-140">
         <name>.debug_info</name>
         <load_address>0xd0b</load_address>
         <run_address>0xd0b</run_address>
         <size>0xe4</size>
         <input_file_ref idref="fl-2"/>
      </object_component>
      <object_component id="oc-38b">
         <name>.debug_info</name>
         <load_address>0xdef</load_address>
         <run_address>0xdef</run_address>
         <size>0x70</size>
         <input_file_ref idref="fl-2"/>
      </object_component>
      <object_component id="oc-70">
         <name>.debug_info</name>
         <load_address>0xe5f</load_address>
         <run_address>0xe5f</run_address>
         <size>0x26b</size>
         <input_file_ref idref="fl-2"/>
      </object_component>
      <object_component id="oc-14f">
         <name>.debug_info</name>
         <load_address>0x10ca</load_address>
         <run_address>0x10ca</run_address>
         <size>0x163</size>
         <input_file_ref idref="fl-2"/>
      </object_component>
      <object_component id="oc-1e2">
         <name>.debug_info</name>
         <load_address>0x122d</load_address>
         <run_address>0x122d</run_address>
         <size>0x5e</size>
         <input_file_ref idref="fl-2"/>
      </object_component>
      <object_component id="oc-14a">
         <name>.debug_info</name>
         <load_address>0x128b</load_address>
         <run_address>0x128b</run_address>
         <size>0xe2</size>
         <input_file_ref idref="fl-2"/>
      </object_component>
      <object_component id="oc-145">
         <name>.debug_info</name>
         <load_address>0x136d</load_address>
         <run_address>0x136d</run_address>
         <size>0xdb</size>
         <input_file_ref idref="fl-2"/>
      </object_component>
      <object_component id="oc-b2">
         <name>.debug_info</name>
         <load_address>0x1448</load_address>
         <run_address>0x1448</run_address>
         <size>0x8b</size>
         <input_file_ref idref="fl-2"/>
      </object_component>
      <object_component id="oc-ad">
         <name>.debug_info</name>
         <load_address>0x14d3</load_address>
         <run_address>0x14d3</run_address>
         <size>0x2a4</size>
         <input_file_ref idref="fl-2"/>
      </object_component>
      <object_component id="oc-3b4">
         <name>.debug_info</name>
         <load_address>0x1777</load_address>
         <run_address>0x1777</run_address>
         <size>0xef</size>
         <input_file_ref idref="fl-2"/>
      </object_component>
      <object_component id="oc-75">
         <name>.debug_info</name>
         <load_address>0x1866</load_address>
         <run_address>0x1866</run_address>
         <size>0xbb</size>
         <input_file_ref idref="fl-2"/>
      </object_component>
      <object_component id="oc-c0">
         <name>.debug_info</name>
         <load_address>0x1921</load_address>
         <run_address>0x1921</run_address>
         <size>0x2c</size>
         <input_file_ref idref="fl-2"/>
      </object_component>
      <object_component id="oc-1c6">
         <name>.debug_info</name>
         <load_address>0x194d</load_address>
         <run_address>0x194d</run_address>
         <size>0x2c</size>
         <input_file_ref idref="fl-2"/>
      </object_component>
      <object_component id="oc-2f">
         <name>.debug_info</name>
         <load_address>0x1979</load_address>
         <run_address>0x1979</run_address>
         <size>0x2ac</size>
         <input_file_ref idref="fl-3"/>
      </object_component>
      <object_component id="oc-13">
         <name>.debug_info</name>
         <load_address>0x1c25</load_address>
         <run_address>0x1c25</run_address>
         <size>0xeb</size>
         <input_file_ref idref="fl-3"/>
      </object_component>
      <object_component id="oc-29">
         <name>.debug_info</name>
         <load_address>0x1d10</load_address>
         <run_address>0x1d10</run_address>
         <size>0x267</size>
         <input_file_ref idref="fl-3"/>
      </object_component>
      <object_component id="oc-36">
         <name>.debug_info</name>
         <load_address>0x1f77</load_address>
         <run_address>0x1f77</run_address>
         <size>0x84</size>
         <input_file_ref idref="fl-3"/>
      </object_component>
      <object_component id="oc-194">
         <name>.debug_info</name>
         <load_address>0x1ffb</load_address>
         <run_address>0x1ffb</run_address>
         <size>0x680</size>
         <input_file_ref idref="fl-4"/>
      </object_component>
      <object_component id="oc-2af">
         <name>.debug_info</name>
         <load_address>0x267b</load_address>
         <run_address>0x267b</run_address>
         <size>0x1f9</size>
         <input_file_ref idref="fl-4"/>
      </object_component>
      <object_component id="oc-173">
         <name>.debug_info</name>
         <load_address>0x2874</load_address>
         <run_address>0x2874</run_address>
         <size>0x631</size>
         <input_file_ref idref="fl-4"/>
      </object_component>
      <object_component id="oc-196">
         <name>.debug_info</name>
         <load_address>0x2ea5</load_address>
         <run_address>0x2ea5</run_address>
         <size>0x546</size>
         <input_file_ref idref="fl-7"/>
      </object_component>
      <object_component id="oc-169">
         <name>.debug_info</name>
         <load_address>0x33eb</load_address>
         <run_address>0x33eb</run_address>
         <size>0x5c6</size>
         <input_file_ref idref="fl-7"/>
      </object_component>
      <object_component id="oc-1a3">
         <name>.debug_info</name>
         <load_address>0x39b1</load_address>
         <run_address>0x39b1</run_address>
         <size>0x557</size>
         <input_file_ref idref="fl-a"/>
      </object_component>
      <object_component id="oc-17f">
         <name>.debug_info</name>
         <load_address>0x3f08</load_address>
         <run_address>0x3f08</run_address>
         <size>0x4d6</size>
         <input_file_ref idref="fl-a"/>
      </object_component>
      <object_component id="oc-369">
         <name>.debug_info</name>
         <load_address>0x43de</load_address>
         <run_address>0x43de</run_address>
         <size>0x2b1</size>
         <input_file_ref idref="fl-b"/>
      </object_component>
      <object_component id="oc-283">
         <name>.debug_info</name>
         <load_address>0x468f</load_address>
         <run_address>0x468f</run_address>
         <size>0x110</size>
         <input_file_ref idref="fl-b"/>
      </object_component>
      <object_component id="oc-26d">
         <name>.debug_info</name>
         <load_address>0x479f</load_address>
         <run_address>0x479f</run_address>
         <size>0x1ba</size>
         <input_file_ref idref="fl-b"/>
      </object_component>
      <object_component id="oc-250">
         <name>.debug_info</name>
         <load_address>0x4959</load_address>
         <run_address>0x4959</run_address>
         <size>0x5b5</size>
         <input_file_ref idref="fl-c"/>
      </object_component>
      <object_component id="oc-161">
         <name>.debug_info</name>
         <load_address>0x4f0e</load_address>
         <run_address>0x4f0e</run_address>
         <size>0x96e</size>
         <input_file_ref idref="fl-c"/>
      </object_component>
      <object_component id="oc-274">
         <name>.debug_info</name>
         <load_address>0x587c</load_address>
         <run_address>0x587c</run_address>
         <size>0x47f</size>
         <input_file_ref idref="fl-d"/>
      </object_component>
      <object_component id="oc-271">
         <name>.debug_info</name>
         <load_address>0x5cfb</load_address>
         <run_address>0x5cfb</run_address>
         <size>0x127</size>
         <input_file_ref idref="fl-d"/>
      </object_component>
      <object_component id="oc-16e">
         <name>.debug_info</name>
         <load_address>0x5e22</load_address>
         <run_address>0x5e22</run_address>
         <size>0x5b2</size>
         <input_file_ref idref="fl-d"/>
      </object_component>
      <object_component id="oc-f8">
         <name>.debug_info</name>
         <load_address>0x63d4</load_address>
         <run_address>0x63d4</run_address>
         <size>0x885</size>
         <input_file_ref idref="fl-e"/>
      </object_component>
      <object_component id="oc-f5">
         <name>.debug_info</name>
         <load_address>0x6c59</load_address>
         <run_address>0x6c59</run_address>
         <size>0x210</size>
         <input_file_ref idref="fl-e"/>
      </object_component>
      <object_component id="oc-ca">
         <name>.debug_info</name>
         <load_address>0x6e69</load_address>
         <run_address>0x6e69</run_address>
         <size>0x622</size>
         <input_file_ref idref="fl-e"/>
      </object_component>
      <object_component id="oc-3b2">
         <name>.debug_info</name>
         <load_address>0x748b</load_address>
         <run_address>0x748b</run_address>
         <size>0x752</size>
         <input_file_ref idref="fl-f"/>
      </object_component>
      <object_component id="oc-3a3">
         <name>.debug_info</name>
         <load_address>0x7bdd</load_address>
         <run_address>0x7bdd</run_address>
         <size>0xd8</size>
         <input_file_ref idref="fl-f"/>
      </object_component>
      <object_component id="oc-3a9">
         <name>.debug_info</name>
         <load_address>0x7cb5</load_address>
         <run_address>0x7cb5</run_address>
         <size>0xd8</size>
         <input_file_ref idref="fl-f"/>
      </object_component>
      <object_component id="oc-3a0">
         <name>.debug_info</name>
         <load_address>0x7d8d</load_address>
         <run_address>0x7d8d</run_address>
         <size>0xdc</size>
         <input_file_ref idref="fl-f"/>
      </object_component>
      <object_component id="oc-3a6">
         <name>.debug_info</name>
         <load_address>0x7e69</load_address>
         <run_address>0x7e69</run_address>
         <size>0xda</size>
         <input_file_ref idref="fl-f"/>
      </object_component>
      <object_component id="oc-3ac">
         <name>.debug_info</name>
         <load_address>0x7f43</load_address>
         <run_address>0x7f43</run_address>
         <size>0xde</size>
         <input_file_ref idref="fl-f"/>
      </object_component>
      <object_component id="oc-391">
         <name>.debug_info</name>
         <load_address>0x8021</load_address>
         <run_address>0x8021</run_address>
         <size>0xe9</size>
         <input_file_ref idref="fl-f"/>
      </object_component>
      <object_component id="oc-3af">
         <name>.debug_info</name>
         <load_address>0x810a</load_address>
         <run_address>0x810a</run_address>
         <size>0xde</size>
         <input_file_ref idref="fl-f"/>
      </object_component>
      <object_component id="oc-2bf">
         <name>.debug_info</name>
         <load_address>0x81e8</load_address>
         <run_address>0x81e8</run_address>
         <size>0x7d0</size>
         <input_file_ref idref="fl-f"/>
      </object_component>
      <object_component id="oc-420">
         <name>.debug_info</name>
         <load_address>0x89b8</load_address>
         <run_address>0x89b8</run_address>
         <size>0x5e</size>
         <input_file_ref idref="fl-f"/>
      </object_component>
      <object_component id="oc-425">
         <name>.debug_info</name>
         <load_address>0x8a16</load_address>
         <run_address>0x8a16</run_address>
         <size>0x6bd</size>
         <input_file_ref idref="fl-f"/>
      </object_component>
      <object_component id="oc-42a">
         <name>.debug_info</name>
         <load_address>0x90d3</load_address>
         <run_address>0x90d3</run_address>
         <size>0x7f</size>
         <input_file_ref idref="fl-f"/>
      </object_component>
      <object_component id="oc-323">
         <name>.debug_info</name>
         <load_address>0x9152</load_address>
         <run_address>0x9152</run_address>
         <size>0x3e2</size>
         <input_file_ref idref="fl-10"/>
      </object_component>
      <object_component id="oc-20e">
         <name>.debug_info</name>
         <load_address>0x9534</load_address>
         <run_address>0x9534</run_address>
         <size>0x2ef</size>
         <input_file_ref idref="fl-10"/>
      </object_component>
      <object_component id="oc-1c5">
         <name>.debug_info</name>
         <load_address>0x9823</load_address>
         <run_address>0x9823</run_address>
         <size>0x2c4</size>
         <input_file_ref idref="fl-11"/>
      </object_component>
      <object_component id="oc-1ae">
         <name>.debug_info</name>
         <load_address>0x9ae7</load_address>
         <run_address>0x9ae7</run_address>
         <size>0x10e</size>
         <input_file_ref idref="fl-11"/>
      </object_component>
      <object_component id="oc-1b1">
         <name>.debug_info</name>
         <load_address>0x9bf5</load_address>
         <run_address>0x9bf5</run_address>
         <size>0xe8</size>
         <input_file_ref idref="fl-11"/>
      </object_component>
      <object_component id="oc-1a8">
         <name>.debug_info</name>
         <load_address>0x9cdd</load_address>
         <run_address>0x9cdd</run_address>
         <size>0x1c8</size>
         <input_file_ref idref="fl-11"/>
      </object_component>
      <object_component id="oc-1ba">
         <name>.debug_info</name>
         <load_address>0x9ea5</load_address>
         <run_address>0x9ea5</run_address>
         <size>0xe8</size>
         <input_file_ref idref="fl-11"/>
      </object_component>
      <object_component id="oc-1c2">
         <name>.debug_info</name>
         <load_address>0x9f8d</load_address>
         <run_address>0x9f8d</run_address>
         <size>0xd6</size>
         <input_file_ref idref="fl-11"/>
      </object_component>
      <object_component id="oc-1b7">
         <name>.debug_info</name>
         <load_address>0xa063</load_address>
         <run_address>0xa063</run_address>
         <size>0xe4</size>
         <input_file_ref idref="fl-11"/>
      </object_component>
      <object_component id="oc-1ab">
         <name>.debug_info</name>
         <load_address>0xa147</load_address>
         <run_address>0xa147</run_address>
         <size>0xe2</size>
         <input_file_ref idref="fl-11"/>
      </object_component>
      <object_component id="oc-1b4">
         <name>.debug_info</name>
         <load_address>0xa229</load_address>
         <run_address>0xa229</run_address>
         <size>0xe8</size>
         <input_file_ref idref="fl-11"/>
      </object_component>
      <object_component id="oc-d2">
         <name>.debug_info</name>
         <load_address>0xa311</load_address>
         <run_address>0xa311</run_address>
         <size>0x1190</size>
         <input_file_ref idref="fl-11"/>
      </object_component>
      <object_component id="oc-191">
         <name>.debug_info</name>
         <load_address>0xb4a1</load_address>
         <run_address>0xb4a1</run_address>
         <size>0x4a2</size>
         <input_file_ref idref="fl-12"/>
      </object_component>
      <object_component id="oc-156">
         <name>.debug_info</name>
         <load_address>0xb943</load_address>
         <run_address>0xb943</run_address>
         <size>0x399</size>
         <input_file_ref idref="fl-12"/>
      </object_component>
      <object_component id="oc-404">
         <name>.debug_info</name>
         <load_address>0xbcdc</load_address>
         <run_address>0xbcdc</run_address>
         <size>0x2a7</size>
         <input_file_ref idref="fl-13"/>
      </object_component>
      <object_component id="oc-401">
         <name>.debug_info</name>
         <load_address>0xbf83</load_address>
         <run_address>0xbf83</run_address>
         <size>0x10f</size>
         <input_file_ref idref="fl-13"/>
      </object_component>
      <object_component id="oc-3fe">
         <name>.debug_info</name>
         <load_address>0xc092</load_address>
         <run_address>0xc092</run_address>
         <size>0x11c</size>
         <input_file_ref idref="fl-13"/>
      </object_component>
      <object_component id="oc-37e">
         <name>.debug_info</name>
         <load_address>0xc1ae</load_address>
         <run_address>0xc1ae</run_address>
         <size>0x1593</size>
         <input_file_ref idref="fl-13"/>
      </object_component>
      <object_component id="oc-38a">
         <name>.debug_info</name>
         <load_address>0xd741</load_address>
         <run_address>0xd741</run_address>
         <size>0x437</size>
         <input_file_ref idref="fl-14"/>
      </object_component>
      <object_component id="oc-384">
         <name>.debug_info</name>
         <load_address>0xdb78</load_address>
         <run_address>0xdb78</run_address>
         <size>0xd1</size>
         <input_file_ref idref="fl-14"/>
      </object_component>
      <object_component id="oc-387">
         <name>.debug_info</name>
         <load_address>0xdc49</load_address>
         <run_address>0xdc49</run_address>
         <size>0xcf</size>
         <input_file_ref idref="fl-14"/>
      </object_component>
      <object_component id="oc-2b6">
         <name>.debug_info</name>
         <load_address>0xdd18</load_address>
         <run_address>0xdd18</run_address>
         <size>0x2f24</size>
         <input_file_ref idref="fl-14"/>
      </object_component>
      <object_component id="oc-377">
         <name>.debug_info</name>
         <load_address>0x10c3c</load_address>
         <run_address>0x10c3c</run_address>
         <size>0x24d</size>
         <input_file_ref idref="fl-19"/>
      </object_component>
      <object_component id="oc-371">
         <name>.debug_info</name>
         <load_address>0x10e89</load_address>
         <run_address>0x10e89</run_address>
         <size>0x2bf</size>
         <input_file_ref idref="fl-19"/>
      </object_component>
      <object_component id="oc-2a9">
         <name>.debug_info</name>
         <load_address>0x11148</load_address>
         <run_address>0x11148</run_address>
         <size>0x2df</size>
         <input_file_ref idref="fl-19"/>
      </object_component>
      <object_component id="oc-1cc">
         <name>.debug_info</name>
         <load_address>0x11427</load_address>
         <run_address>0x11427</run_address>
         <size>0x18b</size>
         <input_file_ref idref="fl-19"/>
      </object_component>
      <object_component id="oc-330">
         <name>.debug_info</name>
         <load_address>0x115b2</load_address>
         <run_address>0x115b2</run_address>
         <size>0x240</size>
         <input_file_ref idref="fl-1a"/>
      </object_component>
      <object_component id="oc-3e9">
         <name>.debug_info</name>
         <load_address>0x117f2</load_address>
         <run_address>0x117f2</run_address>
         <size>0x167</size>
         <input_file_ref idref="fl-1a"/>
      </object_component>
      <object_component id="oc-3ec">
         <name>.debug_info</name>
         <load_address>0x11959</load_address>
         <run_address>0x11959</run_address>
         <size>0x169</size>
         <input_file_ref idref="fl-1a"/>
      </object_component>
      <object_component id="oc-32d">
         <name>.debug_info</name>
         <load_address>0x11ac2</load_address>
         <run_address>0x11ac2</run_address>
         <size>0x15b</size>
         <input_file_ref idref="fl-1a"/>
      </object_component>
      <object_component id="oc-332">
         <name>.debug_info</name>
         <load_address>0x11c1d</load_address>
         <run_address>0x11c1d</run_address>
         <size>0x2b3</size>
         <input_file_ref idref="fl-1a"/>
      </object_component>
      <object_component id="oc-338">
         <name>.debug_info</name>
         <load_address>0x11ed0</load_address>
         <run_address>0x11ed0</run_address>
         <size>0x316</size>
         <input_file_ref idref="fl-1a"/>
      </object_component>
      <object_component id="oc-23a">
         <name>.debug_info</name>
         <load_address>0x121e6</load_address>
         <run_address>0x121e6</run_address>
         <size>0x27b</size>
         <input_file_ref idref="fl-1a"/>
      </object_component>
      <object_component id="oc-232">
         <name>.debug_info</name>
         <load_address>0x12461</load_address>
         <run_address>0x12461</run_address>
         <size>0x280</size>
         <input_file_ref idref="fl-1a"/>
      </object_component>
      <object_component id="oc-351">
         <name>.debug_info</name>
         <load_address>0x126e1</load_address>
         <run_address>0x126e1</run_address>
         <size>0x298</size>
         <input_file_ref idref="fl-1a"/>
      </object_component>
      <object_component id="oc-2a2">
         <name>.debug_info</name>
         <load_address>0x12979</load_address>
         <run_address>0x12979</run_address>
         <size>0x27f</size>
         <input_file_ref idref="fl-1a"/>
      </object_component>
      <object_component id="oc-258">
         <name>.debug_info</name>
         <load_address>0x12bf8</load_address>
         <run_address>0x12bf8</run_address>
         <size>0x2cf</size>
         <input_file_ref idref="fl-1a"/>
      </object_component>
      <object_component id="oc-25e">
         <name>.debug_info</name>
         <load_address>0x12ec7</load_address>
         <run_address>0x12ec7</run_address>
         <size>0x28f</size>
         <input_file_ref idref="fl-1a"/>
      </object_component>
      <object_component id="oc-277">
         <name>.debug_info</name>
         <load_address>0x13156</load_address>
         <run_address>0x13156</run_address>
         <size>0x291</size>
         <input_file_ref idref="fl-1a"/>
      </object_component>
      <object_component id="oc-27d">
         <name>.debug_info</name>
         <load_address>0x133e7</load_address>
         <run_address>0x133e7</run_address>
         <size>0x28d</size>
         <input_file_ref idref="fl-1a"/>
      </object_component>
      <object_component id="oc-2d0">
         <name>.debug_info</name>
         <load_address>0x13674</load_address>
         <run_address>0x13674</run_address>
         <size>0x20e</size>
         <input_file_ref idref="fl-1c"/>
      </object_component>
      <object_component id="oc-3ba">
         <name>.debug_info</name>
         <load_address>0x13882</load_address>
         <run_address>0x13882</run_address>
         <size>0x210</size>
         <input_file_ref idref="fl-1c"/>
      </object_component>
      <object_component id="oc-2cd">
         <name>.debug_info</name>
         <load_address>0x13a92</load_address>
         <run_address>0x13a92</run_address>
         <size>0x157</size>
         <input_file_ref idref="fl-1c"/>
      </object_component>
      <object_component id="oc-18b">
         <name>.debug_info</name>
         <load_address>0x13be9</load_address>
         <run_address>0x13be9</run_address>
         <size>0x2c1</size>
         <input_file_ref idref="fl-1c"/>
      </object_component>
      <object_component id="oc-2c6">
         <name>.debug_info</name>
         <load_address>0x13eaa</load_address>
         <run_address>0x13eaa</run_address>
         <size>0x268</size>
         <input_file_ref idref="fl-1c"/>
      </object_component>
      <object_component id="oc-2fd">
         <name>.debug_info</name>
         <load_address>0x14112</load_address>
         <run_address>0x14112</run_address>
         <size>0x298</size>
         <input_file_ref idref="fl-1d"/>
      </object_component>
      <object_component id="oc-1db">
         <name>.debug_info</name>
         <load_address>0x143aa</load_address>
         <run_address>0x143aa</run_address>
         <size>0x14d</size>
         <input_file_ref idref="fl-1d"/>
      </object_component>
      <object_component id="oc-252">
         <name>.debug_info</name>
         <load_address>0x144f7</load_address>
         <run_address>0x144f7</run_address>
         <size>0x212</size>
         <input_file_ref idref="fl-1d"/>
      </object_component>
      <object_component id="oc-22c">
         <name>.debug_info</name>
         <load_address>0x14709</load_address>
         <run_address>0x14709</run_address>
         <size>0x27d</size>
         <input_file_ref idref="fl-1d"/>
      </object_component>
      <object_component id="oc-ee">
         <name>.debug_info</name>
         <load_address>0x14986</load_address>
         <run_address>0x14986</run_address>
         <size>0x2b5</size>
         <input_file_ref idref="fl-1d"/>
      </object_component>
      <object_component id="oc-3c8">
         <name>.debug_info</name>
         <load_address>0x14c3b</load_address>
         <run_address>0x14c3b</run_address>
         <size>0x5f</size>
         <input_file_ref idref="fl-1d"/>
      </object_component>
      <object_component id="oc-35f">
         <name>.debug_info</name>
         <load_address>0x14c9a</load_address>
         <run_address>0x14c9a</run_address>
         <size>0x223</size>
         <input_file_ref idref="fl-1f"/>
      </object_component>
      <object_component id="oc-3f0">
         <name>.debug_info</name>
         <load_address>0x14ebd</load_address>
         <run_address>0x14ebd</run_address>
         <size>0x15a</size>
         <input_file_ref idref="fl-1f"/>
      </object_component>
      <object_component id="oc-3f3">
         <name>.debug_info</name>
         <load_address>0x15017</load_address>
         <run_address>0x15017</run_address>
         <size>0x16c</size>
         <input_file_ref idref="fl-1f"/>
      </object_component>
      <object_component id="oc-35a">
         <name>.debug_info</name>
         <load_address>0x15183</load_address>
         <run_address>0x15183</run_address>
         <size>0x2eb</size>
         <input_file_ref idref="fl-1f"/>
      </object_component>
      <object_component id="oc-266">
         <name>.debug_info</name>
         <load_address>0x1546e</load_address>
         <run_address>0x1546e</run_address>
         <size>0x2e4</size>
         <input_file_ref idref="fl-1f"/>
      </object_component>
      <object_component id="oc-1d1">
         <name>.debug_info</name>
         <load_address>0x15752</load_address>
         <run_address>0x15752</run_address>
         <size>0x227</size>
         <input_file_ref idref="fl-20"/>
      </object_component>
      <object_component id="oc-214">
         <name>.debug_info</name>
         <load_address>0x15979</load_address>
         <run_address>0x15979</run_address>
         <size>0x27f</size>
         <input_file_ref idref="fl-20"/>
      </object_component>
      <object_component id="oc-21a">
         <name>.debug_info</name>
         <load_address>0x15bf8</load_address>
         <run_address>0x15bf8</run_address>
         <size>0x28d</size>
         <input_file_ref idref="fl-20"/>
      </object_component>
      <object_component id="oc-345">
         <name>.debug_info</name>
         <load_address>0x15e85</load_address>
         <run_address>0x15e85</run_address>
         <size>0x247</size>
         <input_file_ref idref="fl-20"/>
      </object_component>
      <object_component id="oc-33f">
         <name>.debug_info</name>
         <load_address>0x160cc</load_address>
         <run_address>0x160cc</run_address>
         <size>0x249</size>
         <input_file_ref idref="fl-20"/>
      </object_component>
      <object_component id="oc-23e">
         <name>.debug_info</name>
         <load_address>0x16315</load_address>
         <run_address>0x16315</run_address>
         <size>0x326</size>
         <input_file_ref idref="fl-20"/>
      </object_component>
      <object_component id="oc-24a">
         <name>.debug_info</name>
         <load_address>0x1663b</load_address>
         <run_address>0x1663b</run_address>
         <size>0x291</size>
         <input_file_ref idref="fl-20"/>
      </object_component>
      <object_component id="oc-d6">
         <name>.debug_info</name>
         <load_address>0x168cc</load_address>
         <run_address>0x168cc</run_address>
         <size>0x253</size>
         <input_file_ref idref="fl-20"/>
      </object_component>
      <object_component id="oc-226">
         <name>.debug_info</name>
         <load_address>0x16b1f</load_address>
         <run_address>0x16b1f</run_address>
         <size>0x28d</size>
         <input_file_ref idref="fl-20"/>
      </object_component>
      <object_component id="oc-244">
         <name>.debug_info</name>
         <load_address>0x16dac</load_address>
         <run_address>0x16dac</run_address>
         <size>0x273</size>
         <input_file_ref idref="fl-20"/>
      </object_component>
      <object_component id="oc-220">
         <name>.debug_info</name>
         <load_address>0x1701f</load_address>
         <run_address>0x1701f</run_address>
         <size>0x263</size>
         <input_file_ref idref="fl-20"/>
      </object_component>
      <object_component id="oc-dc">
         <name>.debug_info</name>
         <load_address>0x17282</load_address>
         <run_address>0x17282</run_address>
         <size>0x24d</size>
         <input_file_ref idref="fl-20"/>
      </object_component>
      <object_component id="oc-2cb">
         <name>.debug_info</name>
         <load_address>0x174cf</load_address>
         <run_address>0x174cf</run_address>
         <size>0x1e8</size>
         <input_file_ref idref="fl-21"/>
      </object_component>
      <object_component id="oc-186">
         <name>.debug_info</name>
         <load_address>0x176b7</load_address>
         <run_address>0x176b7</run_address>
         <size>0x28b</size>
         <input_file_ref idref="fl-21"/>
      </object_component>
      <object_component id="oc-298">
         <name>.debug_info</name>
         <load_address>0x17942</load_address>
         <run_address>0x17942</run_address>
         <size>0x13a</size>
         <input_file_ref idref="fl-d9"/>
[...]
         <object_component_ref idref="oc-20d"/>
      </symbol>
      <symbol id="sm-3db">
         <name>tanterior_ENVIO</name>
         <value>0x20001dc8</value>
         <object_component_ref idref="oc-20d"/>
      </symbol>
      <symbol id="sm-3dc">
         <name>flag_TIMEOUT1</name>
         <value>0x20001dd4</value>
         <object_component_ref idref="oc-20d"/>
      </symbol>
      <symbol id="sm-3dd">
         <name>flagCONVERSION_10S</name>
         <value>0x20001dd6</value>
         <object_component_ref idref="oc-20d"/>
      </symbol>
      <symbol id="sm-3de">
         <name>milis</name>
         <value>0x20001db0</value>
         <object_component_ref idref="oc-20d"/>
      </symbol>
      <symbol id="sm-3df">
         <name>diferencia</name>
         <value>0x20001dac</value>
         <object_component_ref idref="oc-20d"/>
      </symbol>
      <symbol id="sm-3e0">
         <name>t_ENVIO</name>
         <value>0x20001dcc</value>
         <object_component_ref idref="oc-20d"/>
      </symbol>
      <symbol id="sm-3e1">
         <name>TIMEOUT1</name>
         <value>0x20001db8</value>
         <object_component_ref idref="oc-20d"/>
      </symbol>
      <symbol id="sm-3e2">
         <name>tanterior_10S</name>
         <value>0x20001dc4</value>
         <object_component_ref idref="oc-20d"/>
      </symbol>
      <symbol id="sm-4b8">
         <name>UARTTxBytesFree</name>
         <value>0x3cc5</value>
         <object_component_ref idref="oc-cf"/>
      </symbol>
      <symbol id="sm-4b9">
         <name>UARTFlushRx</name>
         <value>0x3d33</value>
         <object_component_ref idref="oc-cf"/>
      </symbol>
      <symbol id="sm-4ba">
         <name>UARTgetc</name>
         <value>0x3933</value>
         <object_component_ref idref="oc-cf"/>
      </symbol>
      <symbol id="sm-4bb">
         <name>UARTgets</name>
         <value>0x38b7</value>
         <object_component_ref idref="oc-cf"/>
      </symbol>
      <symbol id="sm-4bc">
         <name>UARTFlushTx</name>
         <value>0x3d5b</value>
         <object_component_ref idref="oc-cf"/>
      </symbol>
      <symbol id="sm-4bd">
         <name>UARTStdioConfig</name>
         <value>0x3759</value>
         <object_component_ref idref="oc-cf"/>
      </symbol>
      <symbol id="sm-4be">
         <name>UARTStdioIntHandler</name>
         <value>0x3dcd</value>
         <object_component_ref idref="oc-cf"/>
      </symbol>
      <symbol id="sm-4bf">
         <name>UARTRxBytesAvail</name>
         <value>0x3cb7</value>
         <object_component_ref idref="oc-cf"/>
      </symbol>
      <symbol id="sm-4c0">
         <name>UARTwrite</name>
         <value>0x3811</value>
         <object_component_ref idref="oc-cf"/>
      </symbol>
      <symbol id="sm-4c1">
         <name>UARTPeek</name>
         <value>0x3cd9</value>
         <object_component_ref idref="oc-cf"/>
      </symbol>
      <symbol id="sm-4c2">
         <name>UARTEchoSet</name>
         <value>0x3d99</value>
         <object_component_ref idref="oc-cf"/>
      </symbol>
      <symbol id="sm-4c3">
         <name>UARTprintf</name>
         <value>0x3c93</value>
         <object_component_ref idref="oc-cf"/>
      </symbol>
      <symbol id="sm-4c4">
         <name>UARTvprintf</name>
         <value>0x3999</value>
         <object_component_ref idref="oc-cf"/>
      </symbol>
      <symbol id="sm-4e6">
         <name>th</name>
         <value>0x20001a30</value>
      </symbol>
      <symbol id="sm-4e7">
         <name>IniciaVariable</name>
         <value>0x5cf5</value>
         <object_component_ref idref="oc-154"/>
      </symbol>
      <symbol id="sm-4e8">
         <name>SUM_MAX_MIN</name>
         <value>0x5de3</value>
         <object_component_ref idref="oc-154"/>
      </symbol>
      <symbol id="sm-4e9">
         <name>reverse</name>
         <value>0x5d2b</value>
         <object_component_ref idref="oc-154"/>
      </symbol>
      <symbol id="sm-4ea">
         <name>entero</name>
         <value>0x5c99</value>
         <object_component_ref idref="oc-154"/>
      </symbol>
      <symbol id="sm-4eb">
         <name>itoa</name>
         <value>0x5d81</value>
         <object_component_ref idref="oc-154"/>
      </symbol>
      <symbol id="sm-5a8">
         <name>get_fattime</name>
         <value>0x362f</value>
         <object_component_ref idref="oc-37d"/>
      </symbol>
      <symbol id="sm-5a9">
         <name>disk_status</name>
         <value>0x323d</value>
         <object_component_ref idref="oc-37d"/>
      </symbol>
      <symbol id="sm-5aa">
         <name>disk_timerproc</name>
         <value>0x35eb</value>
         <object_component_ref idref="oc-37d"/>
      </symbol>
      <symbol id="sm-5ab">
         <name>disk_read</name>
         <value>0x3257</value>
         <object_component_ref idref="oc-37d"/>
      </symbol>
      <symbol id="sm-5ac">
         <name>disk_initialize</name>
         <value>0x3099</value>
         <object_component_ref idref="oc-37d"/>
      </symbol>
      <symbol id="sm-5ad">
         <name>disk_ioctl</name>
         <value>0x33e9</value>
         <object_component_ref idref="oc-37d"/>
      </symbol>
      <symbol id="sm-5ae">
         <name>disk_write</name>
         <value>0x3301</value>
         <object_component_ref idref="oc-37d"/>
      </symbol>
      <symbol id="sm-780">
         <name>f_getfree</name>
         <value>0x24d1</value>
         <object_component_ref idref="oc-2b5"/>
      </symbol>
      <symbol id="sm-781">
         <name>f_read</name>
         <value>0x1ae5</value>
         <object_component_ref idref="oc-2b5"/>
      </symbol>
      <symbol id="sm-782">
         <name>f_unlink</name>
         <value>0x2727</value>
         <object_component_ref idref="oc-2b5"/>
      </symbol>
      <symbol id="sm-783">
         <name>f_mkdir</name>
         <value>0x2829</value>
         <object_component_ref idref="oc-2b5"/>
      </symbol>
      <symbol id="sm-784">
         <name>f_chmod</name>
         <value>0x2a0f</value>
         <object_component_ref idref="oc-2b5"/>
      </symbol>
      <symbol id="sm-785">
         <name>f_utime</name>
         <value>0x2a9f</value>
         <object_component_ref idref="oc-2b5"/>
      </symbol>
      <symbol id="sm-786">
         <name>f_sync</name>
         <value>0x1fdd</value>
         <object_component_ref idref="oc-2b5"/>
      </symbol>
      <symbol id="sm-787">
         <name>clust2sect</name>
         <value>0x505</value>
         <object_component_ref idref="oc-2b5"/>
      </symbol>
      <symbol id="sm-788">
         <name>put_fat</name>
         <value>0x659</value>
         <object_component_ref idref="oc-2b5"/>
      </symbol>
      <symbol id="sm-789">
         <name>f_write</name>
         <value>0x1d39</value>
         <object_component_ref idref="oc-2b5"/>
      </symbol>
      <symbol id="sm-78a">
         <name>f_opendir</name>
         <value>0x2347</value>
         <object_component_ref idref="oc-2b5"/>
      </symbol>
      <symbol id="sm-78b">
         <name>f_truncate</name>
         <value>0x2633</value>
         <object_component_ref idref="oc-2b5"/>
      </symbol>
      <symbol id="sm-78c">
         <name>f_close</name>
         <value>0x20d9</value>
         <object_component_ref idref="oc-2b5"/>
      </symbol>
      <symbol id="sm-78d">
         <name>f_rename</name>
         <value>0x2b23</value>
         <object_component_ref idref="oc-2b5"/>
      </symbol>
      <symbol id="sm-78e">
         <name>f_open</name>
         <value>0x18cd</value>
         <object_component_ref idref="oc-2b5"/>
      </symbol>
      <symbol id="sm-78f">
         <name>f_lseek</name>
         <value>0x20f9</value>
         <object_component_ref idref="oc-2b5"/>
      </symbol>
      <symbol id="sm-790">
         <name>f_stat</name>
         <value>0x2481</value>
         <object_component_ref idref="oc-2b5"/>
      </symbol>
      <symbol id="sm-791">
         <name>f_mount</name>
         <value>0x187b</value>
         <object_component_ref idref="oc-2b5"/>
      </symbol>
      <symbol id="sm-792">
         <name>f_readdir</name>
         <value>0x23f7</value>
         <object_component_ref idref="oc-2b5"/>
      </symbol>
      <symbol id="sm-793">
         <name>get_fat</name>
         <value>0x535</value>
         <object_component_ref idref="oc-2b5"/>
      </symbol>
      <symbol id="sm-7b9">
         <name>ADCIntRegister</name>
         <value>0x6a77</value>
         <object_component_ref idref="oc-2a8"/>
      </symbol>
      <symbol id="sm-832">
         <name>GPIOIntRegister</name>
         <value>0x6a8f</value>
         <object_component_ref idref="oc-257"/>
      </symbol>
      <symbol id="sm-833">
         <name>GPIOPinConfigure</name>
         <value>0x6755</value>
         <object_component_ref idref="oc-231"/>
      </symbol>
      <symbol id="sm-834">
         <name>GPIOIntDisable</name>
         <value>0x6b55</value>
         <object_component_ref idref="oc-276"/>
      </symbol>
      <symbol id="sm-835">
         <name>GPIOIntEnable</name>
         <value>0x6ba9</value>
         <object_component_ref idref="oc-25d"/>
      </symbol>
      <symbol id="sm-836">
         <name>GPIOIntClear</name>
         <value>0x6beb</value>
         <object_component_ref idref="oc-27c"/>
      </symbol>
      <symbol id="sm-837">
         <name>GPIOPinTypeUART</name>
         <value>0x6b13</value>
         <object_component_ref idref="oc-237"/>
      </symbol>
      <symbol id="sm-838">
         <name>GPIOIntStatus</name>
         <value>0x6b63</value>
         <object_component_ref idref="oc-2a1"/>
      </symbol>
      <symbol id="sm-839">
         <name>GPIODirModeSet</name>
         <value>0x69ed</value>
         <object_component_ref idref="oc-331"/>
      </symbol>
      <symbol id="sm-83a">
         <name>GPIOPadConfigSet</name>
         <value>0x5fb7</value>
         <object_component_ref idref="oc-337"/>
      </symbol>
      <symbol id="sm-874">
         <name>IntEnable</name>
         <value>0x65e9</value>
         <object_component_ref idref="oc-2c4"/>
      </symbol>
      <symbol id="sm-875">
         <name>IntRegister</name>
         <value>0x691d</value>
         <object_component_ref idref="oc-18a"/>
      </symbol>
      <symbol id="sm-876">
         <name>g_pfnRAMVectors</name>
         <value>0x20000000</value>
         <object_component_ref idref="oc-2cc"/>
      </symbol>
      <symbol id="sm-8be">
         <name>SysCtlDelay</name>
         <value>0x6bf1</value>
         <object_component_ref idref="oc-f3"/>
      </symbol>
      <symbol id="sm-8bf">
         <name>SysCtlPeripheralEnable</name>
         <value>0x6951</value>
         <object_component_ref idref="oc-22b"/>
      </symbol>
      <symbol id="sm-8c0">
         <name>SysCtlReset</name>
         <value>0x6b25</value>
         <object_component_ref idref="oc-251"/>
      </symbol>
      <symbol id="sm-8c1">
         <name>SysCtlClockGet</name>
         <value>0x60e9</value>
         <object_component_ref idref="oc-ed"/>
      </symbol>
      <symbol id="sm-8ee">
         <name>TimerIntRegister</name>
         <value>0x6aa7</value>
         <object_component_ref idref="oc-264"/>
      </symbol>
      <symbol id="sm-951">
         <name>UARTCharPutNonBlocking</name>
         <value>0x6b7f</value>
         <object_component_ref idref="oc-225"/>
      </symbol>
      <symbol id="sm-952">
         <name>UARTConfigSetExpClk</name>
         <value>0x679d</value>
         <object_component_ref idref="oc-23d"/>
      </symbol>
      <symbol id="sm-953">
         <name>UARTDisable</name>
         <value>0x6a19</value>
         <object_component_ref idref="oc-33e"/>
      </symbol>
      <symbol id="sm-954">
         <name>UARTCharsAvail</name>
         <value>0x6b8d</value>
         <object_component_ref idref="oc-d5"/>
      </symbol>
      <symbol id="sm-955">
         <name>UARTCharGetNonBlocking</name>
         <value>0x6b71</value>
         <object_component_ref idref="oc-21f"/>
      </symbol>
      <symbol id="sm-956">
         <name>UARTClockSourceSet</name>
         <value>0x6bf7</value>
         <object_component_ref idref="oc-249"/>
      </symbol>
      <symbol id="sm-957">
         <name>UARTCharPut</name>
         <value>0x6bd7</value>
         <object_component_ref idref="oc-243"/>
      </symbol>
      <symbol id="sm-958">
         <name>UARTEnable</name>
         <value>0x6ad7</value>
         <object_component_ref idref="oc-344"/>
      </symbol>
      <symbol id="sm-959">
         <name>UARTIntClear</name>
         <value>0x6bfd</value>
         <object_component_ref idref="oc-219"/>
      </symbol>
      <symbol id="sm-95a">
         <name>UARTIntStatus</name>
         <value>0x6be1</value>
         <object_component_ref idref="oc-213"/>
      </symbol>
      <symbol id="sm-95b">
         <name>UARTCharGet</name>
         <value>0x6bcd</value>
         <object_component_ref idref="oc-db"/>
      </symbol>
      <symbol id="sm-968">
         <name>WatchdogIntRegister</name>
         <value>0x6b35</value>
         <object_component_ref idref="oc-184"/>
      </symbol>
      <symbol id="sm-97d">
         <name>__aeabi_ddiv</name>
         <value>0x5e81</value>
         <object_component_ref idref="oc-297"/>
      </symbol>
      <symbol id="sm-988">
         <name>__aeabi_dmul</name>
         <value>0x61f9</value>
         <object_component_ref idref="oc-28d"/>
      </symbol>
      <symbol id="sm-994">
         <name>__aeabi_d2f</name>
         <value>0x657b</value>
         <object_component_ref idref="oc-292"/>
      </symbol>
      <symbol id="sm-99f">
         <name>__aeabi_f2d</name>
         <value>0x68ad</value>
         <object_component_ref idref="oc-29c"/>
      </symbol>
      <symbol id="sm-9ab">
         <name>__aeabi_ui2d</name>
         <value>0x6a39</value>
         <object_component_ref idref="oc-288"/>
      </symbol>
      <symbol id="sm-9bc">
         <name>__aeabi_uidivmod</name>
         <value>0x686d</value>
         <object_component_ref idref="oc-1bc"/>
      </symbol>
      <symbol id="sm-9bd">
         <name>__aeabi_uidiv</name>
         <value>0x686d</value>
         <object_component_ref idref="oc-1bc"/>
      </symbol>
      <symbol id="sm-9cf">
         <name>__TI_zero_init</name>
         <value>0x6bb5</value>
         <object_component_ref idref="oc-4d"/>
      </symbol>
      <symbol id="sm-9e6">
         <name>__TI_decompress_none</name>
         <value>0x6b9b</value>
         <object_component_ref idref="oc-1b"/>
      </symbol>
      <symbol id="sm-a09">
         <name>__TI_decompress_lzss</name>
         <value>0x6651</value>
         <object_component_ref idref="oc-15"/>
      </symbol>
      <symbol id="sm-a19">
         <name>strcat</name>
         <value>0x6a59</value>
         <object_component_ref idref="oc-15a"/>
      </symbol>
      <symbol id="sm-a28">
         <name>strcmp</name>
         <value>0x6abf</value>
         <object_component_ref idref="oc-399"/>
      </symbol>
      <symbol id="sm-a36">
         <name>strcpy</name>
         <value>0x6aeb</value>
         <object_component_ref idref="oc-178"/>
      </symbol>
      <symbol id="sm-a44">
         <name>strlen</name>
         <value>0x6aff</value>
         <object_component_ref idref="oc-207"/>
      </symbol>
      <symbol id="sm-a54">
         <name>strncpy</name>
         <value>0x68e5</value>
         <object_component_ref idref="oc-393"/>
      </symbol>
      <symbol id="sm-a67">
         <name>strstr</name>
         <value>0x69b9</value>
         <object_component_ref idref="oc-e7"/>
      </symbol>
      <symbol id="sm-a76">
         <name>toupper</name>
         <value>0x6b45</value>
         <object_component_ref idref="oc-e1"/>
      </symbol>
      <symbol id="sm-a89">
         <name>__stack</name>
         <value>0x20001a50</value>
         <object_component_ref idref="oc-24"/>
      </symbol>
      <symbol id="sm-a8a">
         <name>_c_int00_noargs</name>
         <value>0x6985</value>
         <object_component_ref idref="oc-59"/>
      </symbol>
      <symbol id="sm-a94">
         <name>__aeabi_idiv0</name>
         <value>0x2c7b</value>
         <object_component_ref idref="oc-2e7"/>
      </symbol>
      <symbol id="sm-a95">
         <name>__aeabi_ldiv0</name>
         <value>0x2c7b</value>
         <object_component_ref idref="oc-2e7"/>
      </symbol>
      <symbol id="sm-ab0">
         <name>memcpy</name>
         <value>0x6465</value>
         <object_component_ref idref="oc-3b"/>
      </symbol>
      <symbol id="sm-ab1">
         <name>__aeabi_memcpy</name>
         <value>0x6465</value>
         <object_component_ref idref="oc-3b"/>
      </symbol>
      <symbol id="sm-ab2">
         <name>__aeabi_memcpy8</name>
         <value>0x6465</value>
         <object_component_ref idref="oc-3b"/>
      </symbol>
      <symbol id="sm-ab3">
         <name>__aeabi_memcpy4</name>
         <value>0x6465</value>
         <object_component_ref idref="oc-3b"/>
      </symbol>
      <symbol id="sm-ac2">
         <name>__aeabi_memset</name>
         <value>0x6503</value>
         <object_component_ref idref="oc-8f"/>
      </symbol>
      <symbol id="sm-ac3">
         <name>memset</name>
         <value>0x6509</value>
         <object_component_ref idref="oc-8f"/>
      </symbol>
      <symbol id="sm-ac4">
         <name>__aeabi_memset8</name>
         <value>0x6503</value>
         <object_component_ref idref="oc-8f"/>
      </symbol>
      <symbol id="sm-ac5">
         <name>__aeabi_memset4</name>
         <value>0x6503</value>
         <object_component_ref idref="oc-8f"/>
      </symbol>
      <symbol id="sm-ac6">
         <name>__aeabi_memclr8</name>
         <value>0x6501</value>
         <object_component_ref idref="oc-8f"/>
      </symbol>
      <symbol id="sm-ac7">
         <name>__aeabi_memclr4</name>
         <value>0x6501</value>
         <object_component_ref idref="oc-8f"/>
      </symbol>
      <symbol id="sm-ac8">
         <name>__aeabi_memclr</name>
         <value>0x6501</value>
         <object_component_ref idref="oc-8f"/>
      </symbol>
      <symbol id="sm-af0">
         <name>__TI_auto_init_nobinit_nopinit</name>
         <value>0x6829</value>
         <object_component_ref idref="oc-107"/>
      </symbol>
      <symbol id="sm-afa">
         <name>_system_pre_init</name>
         <value>0x6c01</value>
         <object_component_ref idref="oc-95"/>
      </symbol>
      <symbol id="sm-b06">
         <name>C$$EXIT</name>
         <value>0x6c05</value>
         <object_component_ref idref="oc-fb"/>
      </symbol>
      <symbol id="sm-b07">
         <name>abort</name>
         <value>0x6c05</value>
         <object_component_ref idref="oc-fb"/>
      </symbol>
      <symbol id="sm-b14">
         <name>_ctypes_</name>
         <value>0x6e12</value>
         <object_component_ref idref="oc-1d3"/>
      </symbol>
      <symbol id="sm-b15">
         <name>__TI_static_base__</name>
         <value>0x0</value>
      </symbol>
      <symbol id="sm-b18">
         <name>__mpu_init</name>
         <value>0x0</value>
      </symbol>
      <symbol id="sm-b19">
         <name>_system_post_cinit</name>
         <value>0x0</value>
      </symbol>
   </symbol_table>
   <title>Link successful</title>
</link_info>
