******************************************************************************
                  TI ARM Linker PC v20.2.0                     
******************************************************************************
>> Linked Fri Jul 17 12:59:13 2020

OUTPUT FILE NAME:   <sd_card.out>
ENTRY POINT SYMBOL: "_c_int00_noargs"  address: 0000a101


MEMORY CONFIGURATION

         name            origin    length      used     unused   attr    fill
----------------------  --------  ---------  --------  --------  ----  --------
  FLASH                 00000000   00040000  0000a588  00035a78  R  X
  SRAM                  20000000   00008000  00000cbd  00007343  RW X


SEGMENT ALLOCATION MAP

run origin  load origin   length   init length attrs members
----------  ----------- ---------- ----------- ----- -------
00000000    00000000    0000a588   0000a588    r-x
  00000000    00000000    0000026c   0000026c    r-- .intvecs
  0000026c    0000026c    00007968   00007968    r-- .const
  00007bd4    00007bd4    000028b4   000028b4    r-x .text
  0000a488    0000a488    00000100   00000100    r-- .cinit
20000000    20000000    00000cc3   00000000    rw-
  20000000    20000000    0000075a   00000000    rw- .bss
  20000760    20000760    00000400   00000000    rw- .stack
  20000b60    20000b60    00000163   00000000    rw- .data


SECTION ALLOCATION MAP

 output                                  attributes/
section   page    origin      length       input sections
--------  ----  ----------  ----------   ----------------
.intvecs   0    00000000    0000026c     
                  00000000    0000026c     startup_ccs.obj (.intvecs)

.const     0    0000026c    00007968     
                  0000026c    00007378     cc932.obj (.const:uni2sjis)
                  000075e4    0000020a     sd_card.obj (.const:.string)
                  000077ee    000001e0     cc932.obj (.const:tbl_lower$1)
                  000079ce    000001e0     cc932.obj (.const:tbl_upper$2)
                  00007bae    0000000d     ff.obj (.const:.string:LfnOfs)
                  00007bbb    00000001     --HOLE-- [fill = 0]
                  00007bbc    0000000c     uartstdio.obj (.const:g_ui32UARTBase)
                  00007bc8    0000000c     uartstdio.obj (.const:g_ui32UARTPeriph)

.text      0    00007bd4    000028b4     
                  00007bd4    00000308     ff.obj (.text:chk_mounted)
                  00007edc    00000237     ff.obj (.text:create_name)
                  00008113    00000001     --HOLE-- [fill = 0]
                  00008114    000001ee     uartstdio.obj (.text:UARTvprintf)
                  00008302    00000002     startup_ccs.obj (.text:FaultISR)
                  00008304    00000188     sd_card.obj (.text:Cmd_ls)
                  0000848c    00000170     sd_card.obj (.text:main)
                  000085fc    0000015e     ff.obj (.text:f_read)
                  0000875a    00000002     startup_ccs.obj (.text:IntDefaultHandler)
                  0000875c    00000150     ff.obj (.text:f_open)
                  000088ac    00000140     mmc-dk-tm4c123g.obj (.text:disk_initialize)
                  000089ec    00000112     ff.obj (.text:dir_register)
                  00008afe    00000002     startup_ccs.obj (.text:NmiSR)
                  00008b00    0000010c     sd_card.obj (.text:Cmd_cd)
                  00008c0c    000000f8     ff.obj (.text:dir_next)
                  00008d04    000000f8     ff.obj (.text:get_fileinfo)
                  00008dfc    000000e2     ff.obj (.text:put_fat)
                  00008ede    000000d8     ff.obj (.text:f_getfree)
                  00008fb6    00000002     rtsv7M4_T_le_v4SPD16_eabi.lib : div0.asm.obj (.text)
                  00008fb8    000000d0     sd_card.obj (.text:Cmd_cat)
                  00009088    000000cc     ff.obj (.text:get_fat)
                  00009154    000000b8     mmc-dk-tm4c123g.obj (.text:disk_write)
                  0000920c    000000b6     ff.obj (.text:dir_find)
                  000092c2    00000002     --HOLE-- [fill = 0]
                  000092c4    000000a4     mmc-dk-tm4c123g.obj (.text:power_on)
                  00009368    000000a0     ff.obj (.text:gen_numname)
                  00009408    0000009e     ff.obj (.text:dir_read)
                  000094a6    0000009c     rtsv7M4_T_le_v4SPD16_eabi.lib : memcpy_t2.asm.obj (.text)
                  00009542    00000002     --HOLE-- [fill = 0]
                  00009544    00000098     uartstdio.obj (.text:UARTgets)
                  000095dc    00000098     ff.obj (.text:create_chain)
                  00009674    00000090     mmc-dk-tm4c123g.obj (.text:disk_read)
                  00009704    0000007c     ff.obj (.text:dir_sdi)
                  00009780    0000007a     rtsv7M4_T_le_v4SPD16_eabi.lib : memset_t2.asm.obj (.text)
                  000097fa    00000002     --HOLE-- [fill = 0]
                  000097fc    00000074     ff.obj (.text:check_fs)
                  00009870    00000074     ff.obj (.text:cmp_lfn)
                  000098e4    00000068     rtsv7M4_T_le_v4SPD16_eabi.lib : copy_decompress_lzss.c.obj (.text:decompress:lzss:__TI_decompress_lzss)
                  0000994c    00000066     mmc-dk-tm4c123g.obj (.text:send_cmd)
                  000099b2    00000002     --HOLE-- [fill = 0]
                  000099b4    00000064     cmdline.obj (.text:CmdLineProcess)
                  00009a18    00000064     sd_card.obj (.text:Cmd_help)
                  00009a7c    00000064     sd_card.obj (.text:ConfigureUART)
                  00009ae0    00000064     ff.obj (.text:f_opendir)
                  00009b44    00000064     ff.obj (.text:fit_lfn)
                  00009ba8    00000064     ff.obj (.text:follow_path)
                  00009c0c    00000062     ff.obj (.text:remove_chain)
                  00009c6e    00000002     --HOLE-- [fill = 0]
                  00009c70    00000060     uartstdio.obj (.text:UARTStdioConfig)
                  00009cd0    00000060     cc932.obj (.text:ff_convert)
                  00009d30    00000060     ff.obj (.text:pick_lfn)
                  00009d90    00000060     mmc-dk-tm4c123g.obj (.text:send_initial_clock_train)
                  00009df0    00000056     ff.obj (.text:sync_window)
                  00009e46    00000002     --HOLE-- [fill = 0]
                  00009e48    00000054     ff.obj (.text:f_readdir)
                  00009e9c    00000054     mmc-dk-tm4c123g.obj (.text:set_max_speed)
                  00009ef0    00000052     mmc-dk-tm4c123g.obj (.text:xmit_datablock)
                  00009f42    00000002     --HOLE-- [fill = 0]
                  00009f44    00000048     uartstdio.obj (.text:UARTwrite)
                  00009f8c    00000048     mmc-dk-tm4c123g.obj (.text:rcvr_datablock)
                  00009fd4    00000044     rtsv7M4_T_le_v4SPD16_eabi.lib : autoinit.c.obj (.text:__TI_auto_init_nobinit_nopinit:__TI_auto_init_nobinit_nopinit)
                  0000a018    00000040                                   : u_divt2.asm.obj (.text)
                  0000a058    0000003e     ff.obj (.text:dir_alloc)
                  0000a096    00000036     rtsv7M4_T_le_v4SPD16_eabi.lib : strncpy.c.obj (.text:strncpy)
                  0000a0cc    00000034     sd_card.obj (.text:StringFromFResult)
                  0000a100    00000034     rtsv7M4_T_le_v4SPD16_eabi.lib : boot_cortex_m.c.obj (.text:_c_int00_noargs:_c_int00_noargs)
                  0000a134    00000032     mmc-dk-tm4c123g.obj (.text:send_cmd12)
                  0000a166    0000002e     ff.obj (.text:move_window)
                  0000a194    0000002c     ff.obj (.text:f_mount)
                  0000a1c0    0000002c     mmc-dk-tm4c123g.obj (.text:rcvr_spi)
                  0000a1ec    00000028     cc932.obj (.text:ff_wtoupper)
                  0000a214    00000028     ff.obj (.text:validate)
                  0000a23c    00000024     mmc-dk-tm4c123g.obj (.text:xmit_spi)
                  0000a260    00000020     mmc-dk-tm4c123g.obj (.text:disk_timerproc)
                  0000a280    00000020     mmc-dk-tm4c123g.obj (.text:wait_ready)
                  0000a2a0    0000001e     ff.obj (.text:ld_clust)
                  0000a2be    0000001e     rtsv7M4_T_le_v4SPD16_eabi.lib : strcat.c.obj (.text:strcat)
                  0000a2dc    0000001e     ff.obj (.text:sum_sfn)
                  0000a2fa    00000002     --HOLE-- [fill = 0]
                  0000a2fc    0000001c     mmc-dk-tm4c123g.obj (.text:DESELECT)
                  0000a318    0000001c     mmc-dk-tm4c123g.obj (.text:SELECT)
                  0000a334    0000001c     ff.obj (.text:mem_cmp)
                  0000a350    0000001a     uartstdio.obj (.text:UARTprintf)
                  0000a36a    00000002     --HOLE-- [fill = 0]
                  0000a36c    00000018     sd_card.obj (.text:Cmd_pwd)
                  0000a384    00000018     ff.obj (.text:clust2sect)
                  0000a39c    00000018     rtsv7M4_T_le_v4SPD16_eabi.lib : strcmp.c.obj (.text:strcmp)
                  0000a3b4    00000016     ff.obj (.text:mem_cpy)
                  0000a3ca    00000014     ff.obj (.text:mem_set)
                  0000a3de    00000014     rtsv7M4_T_le_v4SPD16_eabi.lib : strcpy.c.obj (.text:strcpy)
                  0000a3f2    00000014                                   : strlen.c.obj (.text:strlen)
                  0000a406    00000012     ff.obj (.text:chk_chr)
                  0000a418    00000010     mmc-dk-tm4c123g.obj (.text:disk_status)
                  0000a428    00000010     ff.obj (.text:st_clust)
                  0000a438    0000000e     rtsv7M4_T_le_v4SPD16_eabi.lib : copy_decompress_none.c.obj (.text:decompress:none:__TI_decompress_none)
                  0000a446    0000000c                                   : copy_zero_init.c.obj (.text:decompress:ZI:__TI_zero_init)
                  0000a452    00000002     --HOLE-- [fill = 0]
                  0000a454    0000000c     mmc-dk-tm4c123g.obj (.text:power_off)
                  0000a460    0000000c     mmc-dk-tm4c123g.obj (.text:rcvr_spi_m)
                  0000a46c    00000008     mmc-dk-tm4c123g.obj (.text:get_fattime)
                  0000a474    00000006     startup_ccs.obj (.text:ResetISR)
                  0000a47a    00000006     driverlib.lib : uart.obj (.text:UARTClockSourceSet)
                  0000a480    00000004     rtsv7M4_T_le_v4SPD16_eabi.lib : pre_init.c.obj (.text:_system_pre_init)
                  0000a484    00000004                                   : exit.c.obj (.text:abort:abort)

.cinit     0    0000a488    00000100     
                  0000a488    000000d8     (.cinit..data.load) [load image, compression = lzss]
                  0000a560    0000000c     (__TI_handler_table)
                  0000a56c    00000004     --HOLE-- [fill = 0]
                  0000a570    00000008     (.cinit..bss.load) [load image, compression = zero_init]
                  0000a578    00000010     (__TI_cinit_table)

.init_array 
*          0    00000000    00000000     UNINITIALIZED

.bss       0    20000000    0000075a     UNINITIALIZED
                  20000000    00000234     sd_card.obj (.bss:g_sFatFs)
                  20000234    00000224     sd_card.obj (.bss:g_sFileObject)
                  20000458    00000200     ff.obj (.bss:LfnBuf)
                  20000658    00000050     sd_card.obj (.bss:g_pcTmpBuf)
                  200006a8    00000040     sd_card.obj (.bss:g_pcCmdBuf)
                  200006e8    00000024     cmdline.obj (.bss:g_ppcArgv)
                  2000070c    00000024     sd_card.obj (.bss:g_sDirObject)
                  20000730    00000020     sd_card.obj (.bss:g_sFileInfo)
                  20000750    00000004     ff.obj (.bss:FatFs)
                  20000754    00000003     mmc-dk-tm4c123g.obj (.bss)
                  20000757    00000001     --HOLE--
                  20000758    00000002     ff.obj (.bss)

.data      0    20000b60    00000163     UNINITIALIZED
                  20000b60    000000a0     sd_card.obj (.data:g_psFResultStrings)
                  20000c00    0000006c     sd_card.obj (.data:g_psCmdTable)
                  20000c6c    00000050     sd_card.obj (.data:g_pcCwdBuf)
                  20000cbc    00000005     uartstdio.obj (.data)
                  20000cc1    00000002     mmc-dk-tm4c123g.obj (.data)

.stack     0    20000760    00000400     UNINITIALIZED
                  20000760    00000004     rtsv7M4_T_le_v4SPD16_eabi.lib : boot_cortex_m.c.obj (.stack)
                  20000764    000003fc     --HOLE--

__llvm_prf_cnts 
*          0    20000000    00000000     UNINITIALIZED

MODULE SUMMARY

       Module                       code    ro data   rw data
       ------                       ----    -------   -------
    .\
       sd_card.obj                  1512    522       1672   
       startup_ccs.obj              12      620       0      
    +--+----------------------------+-------+---------+---------+
       Total:                       1524    1142      1672   
                                                             
    .\third_party\fatfs\port\
       mmc-dk-tm4c123g.obj          1546    0         5      
    +--+----------------------------+-------+---------+---------+
       Total:                       1546    0         5      
                                                             
    .\third_party\fatfs\src\
       ff.obj                       5497    13        518    
    +--+----------------------------+-------+---------+---------+
       Total:                       5497    13        518    
                                                             
    .\third_party\fatfs\src\option\
       cc932.obj                    136     30520     0      
    +--+----------------------------+-------+---------+---------+
       Total:                       136     30520     0      
                                                             
    .\utils\
       uartstdio.obj                840     24        5      
       cmdline.obj                  100     0         36     
    +--+----------------------------+-------+---------+---------+
       Total:                       940     24        41     
                                                             
    C:/ti/TivaWare_C_Series-2.1.4.178/driverlib/ccs/Debug/driverlib.lib
       uart.obj                     6       0         0      
    +--+----------------------------+-------+---------+---------+
       Total:                       6       0         0      
                                                             
    C:\ti\ccs1000\ccs\tools\compiler\ti-cgt-arm_20.2.0.LTS\lib\rtsv7M4_T_le_v4SPD16_eabi.lib
       memcpy_t2.asm.obj            156     0         0      
       memset_t2.asm.obj            122     0         0      
       copy_decompress_lzss.c.obj   104     0         0      
       autoinit.c.obj               68      0         0      
       u_divt2.asm.obj              64      0         0      
       strncpy.c.obj                54      0         0      
       boot_cortex_m.c.obj          52      0         0      
       strcat.c.obj                 30      0         0      
       strcmp.c.obj                 24      0         0      
       strcpy.c.obj                 20      0         0      
       strlen.c.obj                 20      0         0      
       copy_decompress_none.c.obj   14      0         0      
       copy_zero_init.c.obj         12      0         0      
       exit.c.obj                   4       0         0      
       pre_init.c.obj               4       0         0      
       div0.asm.obj                 2       0         0      
    +--+----------------------------+-------+---------+---------+
       Total:                       750     0         0      
                                                             
       Stack:                       0       0         1024   
       Linker Generated:            0       252       0      
    +--+----------------------------+-------+---------+---------+
       Grand Total:                 10399   31951     3260   


LINKER GENERATED COPY TABLES

__TI_cinit_table @ 0000a578 records: 2, size/record: 8, table size: 16
	.data: load addr=0000a488, load size=000000d8 bytes, run addr=20000b60, run size=00000163 bytes, compression=lzss
	.bss: load addr=0000a570, load size=00000008 bytes, run addr=20000000, run size=0000075a bytes, compression=zero_init


LINKER GENERATED HANDLER TABLE

__TI_handler_table @ 0000a560 records: 3, size/record: 4, table size: 12
	index: 0, handler: __TI_decompress_lzss
	index: 1, handler: __TI_decompress_none
	index: 2, handler: __TI_zero_init


GLOBAL SYMBOLS: SORTED ALPHABETICALLY BY Name 

address   name                          
-------   ----                          
0000a485  C$$EXIT                       
000099b5  CmdLineProcess                
00008fb9  Cmd_cat                       
00008b01  Cmd_cd                        
00009a19  Cmd_help                      
00008305  Cmd_ls                        
0000a36d  Cmd_pwd                       
00009a7d  ConfigureUART                 
0000a475  ResetISR                      
0000a0cd  StringFromFResult             
0000a261  SysTickHandler                
0000a47b  UARTClockSourceSet            
00009c71  UARTStdioConfig               
00009545  UARTgets                      
0000a351  UARTprintf                    
00008115  UARTvprintf                   
00009f45  UARTwrite                     
20000b60  __STACK_END                   
00000400  __STACK_SIZE                  
20000b60  __STACK_TOP                   
0000a578  __TI_CINIT_Base               
0000a588  __TI_CINIT_Limit              
0000a560  __TI_Handler_Table_Base       
0000a56c  __TI_Handler_Table_Limit      
00009fd5  __TI_auto_init_nobinit_nopinit
000098e5  __TI_decompress_lzss          
0000a439  __TI_decompress_none          
ffffffff  __TI_pprof_out_hndl           
ffffffff  __TI_prof_data_size           
ffffffff  __TI_prof_data_start          
00000000  __TI_static_base__            
0000a447  __TI_zero_init                
00008fb7  __aeabi_idiv0                 
00008fb7  __aeabi_ldiv0                 
00009781  __aeabi_memclr                
00009781  __aeabi_memclr4               
00009781  __aeabi_memclr8               
000094a7  __aeabi_memcpy                
000094a7  __aeabi_memcpy4               
000094a7  __aeabi_memcpy8               
00009783  __aeabi_memset                
00009783  __aeabi_memset4               
00009783  __aeabi_memset8               
0000a019  __aeabi_uidiv                 
0000a019  __aeabi_uidivmod              
ffffffff  __binit__                     
ffffffff  __c_args__                    
UNDEFED   __mpu_init                    
20000760  __stack                       
20000000  __start___llvm_prf_cnts       
20000000  __stop___llvm_prf_cnts        
0000a101  _c_int00_noargs               
UNDEFED   _system_post_cinit            
0000a481  _system_pre_init              
0000a485  abort                         
ffffffff  binit                         
0000a385  clust2sect                    
000088ad  disk_initialize               
00009675  disk_read                     
0000a419  disk_status                   
0000a261  disk_timerproc                
00009155  disk_write                    
00008edf  f_getfree                     
0000a195  f_mount                       
0000875d  f_open                        
00009ae1  f_opendir                     
000085fd  f_read                        
00009e49  f_readdir                     
00009cd1  ff_convert                    
0000a1ed  ff_wtoupper                   
00000000  g_pfnVectors                  
20000c00  g_psCmdTable                  
20000b60  g_psFResultStrings            
00009369  gen_numname                   
00009089  get_fat                       
0000a46d  get_fattime                   
0000848d  main                          
000094a7  memcpy                        
00009789  memset                        
00008dfd  put_fat                       
0000a2bf  strcat                        
0000a39d  strcmp                        
0000a3df  strcpy                        
0000a3f3  strlen                        
0000a097  strncpy                       


GLOBAL SYMBOLS: SORTED BY Symbol Address 

address   name                          
-------   ----                          
00000000  __TI_static_base__            
00000000  g_pfnVectors                  
00000400  __STACK_SIZE                  
00008115  UARTvprintf                   
00008305  Cmd_ls                        
0000848d  main                          
000085fd  f_read                        
0000875d  f_open                        
000088ad  disk_initialize               
00008b01  Cmd_cd                        
00008dfd  put_fat                       
00008edf  f_getfree                     
00008fb7  __aeabi_idiv0                 
00008fb7  __aeabi_ldiv0                 
00008fb9  Cmd_cat                       
00009089  get_fat                       
00009155  disk_write                    
00009369  gen_numname                   
000094a7  __aeabi_memcpy                
000094a7  __aeabi_memcpy4               
000094a7  __aeabi_memcpy8               
000094a7  memcpy                        
00009545  UARTgets                      
00009675  disk_read                     
00009781  __aeabi_memclr                
00009781  __aeabi_memclr4               
00009781  __aeabi_memclr8               
00009783  __aeabi_memset                
00009783  __aeabi_memset4               
00009783  __aeabi_memset8               
00009789  memset                        
000098e5  __TI_decompress_lzss          
000099b5  CmdLineProcess                
00009a19  Cmd_help                      
00009a7d  ConfigureUART                 
00009ae1  f_opendir                     
00009c71  UARTStdioConfig               
00009cd1  ff_convert                    
00009e49  f_readdir                     
00009f45  UARTwrite                     
00009fd5  __TI_auto_init_nobinit_nopinit
0000a019  __aeabi_uidiv                 
0000a019  __aeabi_uidivmod              
0000a097  strncpy                       
0000a0cd  StringFromFResult             
0000a101  _c_int00_noargs               
0000a195  f_mount                       
0000a1ed  ff_wtoupper                   
0000a261  SysTickHandler                
0000a261  disk_timerproc                
0000a2bf  strcat                        
0000a351  UARTprintf                    
0000a36d  Cmd_pwd                       
0000a385  clust2sect                    
0000a39d  strcmp                        
0000a3df  strcpy                        
0000a3f3  strlen                        
0000a419  disk_status                   
0000a439  __TI_decompress_none          
0000a447  __TI_zero_init                
0000a46d  get_fattime                   
0000a475  ResetISR                      
0000a47b  UARTClockSourceSet            
0000a481  _system_pre_init              
0000a485  C$$EXIT                       
0000a485  abort                         
0000a560  __TI_Handler_Table_Base       
0000a56c  __TI_Handler_Table_Limit      
0000a578  __TI_CINIT_Base               
0000a588  __TI_CINIT_Limit              
20000000  __start___llvm_prf_cnts       
20000000  __stop___llvm_prf_cnts        
20000760  __stack                       
20000b60  __STACK_END                   
20000b60  __STACK_TOP                   
20000b60  g_psFResultStrings            
20000c00  g_psCmdTable                  
ffffffff  __TI_pprof_out_hndl           
ffffffff  __TI_prof_data_size           
ffffffff  __TI_prof_data_start          
ffffffff  __binit__                     
ffffffff  __c_args__                    
ffffffff  binit                         
UNDEFED   __mpu_init                    
UNDEFED   _system_post_cinit            

[85 symbols]
