******************************************************************************
                  TI ARM Linker PC v20.2.0                     
******************************************************************************
>> Linked Thu Jul 16 17:42:08 2020

OUTPUT FILE NAME:   <SD2.out>
ENTRY POINT SYMBOL: "_c_int00_noargs"  address: 00004f9d


MEMORY CONFIGURATION

         name            origin    length      used     unused   attr    fill
----------------------  --------  ---------  --------  --------  ----  --------
  FLASH                 00000000   00040000  00005524  0003aadc  R  X
  SRAM                  20000000   00008000  0000162e  000069d2  RW X


SEGMENT ALLOCATION MAP

run origin  load origin   length   init length attrs members
----------  ----------- ---------- ----------- ----- -------
00000000    00000000    00005528   00005528    r-x
  00000000    00000000    0000026c   0000026c    r-- .intvecs
  0000026c    0000026c    00004e5c   00004e5c    r-x .text
  000050c8    000050c8    00000344   00000344    r-- .const
  00005410    00005410    00000118   00000118    r-- .cinit
20000000    20000000    00001634   00000000    rw-
  20000000    20000000    0000026c   00000000    rw- .vtable
  2000026c    2000026c    00001026   00000000    rw- .bss
  20001298    20001298    00000200   00000000    rw- .stack
  20001498    20001498    0000019c   00000000    rw- .data


SECTION ALLOCATION MAP

 output                                  attributes/
section   page    origin      length       input sections
--------  ----  ----------  ----------   ----------------
.intvecs   0    00000000    0000026c     
                  00000000    0000026c     tm4c1231h6pm_startup_ccs.obj (.intvecs)

.text      0    0000026c    00004e5c     
                  0000026c    00002a0e     ff.obj (.text)
                  00002c7a    00000002     rtsv7M4_T_le_v4SPD16_eabi.lib : div0.asm.obj (.text)
                  00002c7c    000009c8     mmc-dk-tm4c123g.obj (.text)
                  00003644    00000914     uartstdio.obj (.text)
                  00003f58    00000484     sd_fs.obj (.text)
                  000043dc    00000408     SDmio.obj (.text)
                  000047e4    0000016c     driverlib.lib : gpio.obj (.text:GPIOPadConfigSet)
                  00004950    00000134     tick.obj (.text)
                  00004a84    00000118     driverlib.lib : sysctl.obj (.text:SysCtlClockGet)
                  00004b9c    00000110     SD.obj (.text)
                  00004cac    0000009c     rtsv7M4_T_le_v4SPD16_eabi.lib : memcpy_t2.asm.obj (.text)
                  00004d48    0000007a                                   : memset_t2.asm.obj (.text)
                  00004dc2    00000068                                   : copy_decompress_lzss.c.obj (.text:decompress:lzss:__TI_decompress_lzss)
                  00004e2a    00000002     --HOLE-- [fill = 0]
                  00004e2c    0000004c     driverlib.lib : gpio.obj (.text:GPIOPinConfigure)
                  00004e78    00000044     rtsv7M4_T_le_v4SPD16_eabi.lib : autoinit.c.obj (.text:__TI_auto_init_nobinit_nopinit:__TI_auto_init_nobinit_nopinit)
                  00004ebc    00000040                                   : u_divt2.asm.obj (.text)
                  00004efc    00000036                                   : strncpy.c.obj (.text:strncpy)
                  00004f32    00000002     --HOLE-- [fill = 0]
                  00004f34    00000034     driverlib.lib : interrupt.obj (.text:IntRegister)
                  00004f68    00000034                   : sysctl.obj (.text:SysCtlPeripheralEnable)
                  00004f9c    00000034     rtsv7M4_T_le_v4SPD16_eabi.lib : boot_cortex_m.c.obj (.text:_c_int00_noargs:_c_int00_noargs)
                  00004fd0    0000002c     driverlib.lib : gpio.obj (.text:GPIODirModeSet)
                  00004ffc    0000001e     rtsv7M4_T_le_v4SPD16_eabi.lib : strcat.c.obj (.text:strcat)
                  0000501a    00000002     --HOLE-- [fill = 0]
                  0000501c    0000001c     driverlib.lib : systick.obj (.text:SysTickIntRegister)
                  00005038    00000018     rtsv7M4_T_le_v4SPD16_eabi.lib : strcmp.c.obj (.text:strcmp)
                  00005050    00000016     driverlib.lib : gpio.obj (.text:GPIOPinTypeUART)
                  00005066    00000014     rtsv7M4_T_le_v4SPD16_eabi.lib : strcpy.c.obj (.text:strcpy)
                  0000507a    00000014                                   : strlen.c.obj (.text:strlen)
                  0000508e    0000000e                                   : copy_decompress_none.c.obj (.text:decompress:none:__TI_decompress_none)
                  0000509c    0000000c                                   : copy_zero_init.c.obj (.text:decompress:ZI:__TI_zero_init)
                  000050a8    0000000c     tm4c1231h6pm_startup_ccs.obj (.text)
                  000050b4    00000006     driverlib.lib : sysctl.obj (.text:SysCtlDelay)
                  000050ba    00000006                   : uart.obj (.text:UARTClockSourceSet)
                  000050c0    00000004     rtsv7M4_T_le_v4SPD16_eabi.lib : pre_init.c.obj (.text:_system_pre_init)
                  000050c4    00000004                                   : exit.c.obj (.text:abort:abort)

.const     0    000050c8    00000344     
                  000050c8    0000020a     sd_fs.obj (.const:.string)
                  000052d2    00000002     --HOLE-- [fill = 0]
                  000052d4    00000090     driverlib.lib : gpio.obj (.const:g_pui32GPIOBaseAddrs)
                  00005364    0000006c                   : sysctl.obj (.const:g_pui32Xtals)
                  000053d0    00000012     uartstdio.obj (.const:.string)
                  000053e2    00000002     --HOLE-- [fill = 0]
                  000053e4    0000000c     uartstdio.obj (.const:g_ui32UARTBase)
                  000053f0    0000000c     uartstdio.obj (.const:g_ui32UARTInt)
                  000053fc    0000000c     uartstdio.obj (.const:g_ui32UARTPeriph)
                  00005408    00000004     uartstdio.obj (.const)

.cinit     0    00005410    00000118     
                  00005410    000000e2     (.cinit..data.load) [load image, compression = lzss]
                  000054f2    00000002     --HOLE-- [fill = 0]
                  000054f4    0000000c     (__TI_handler_table)
                  00005500    00000008     (.cinit..bss.load) [load image, compression = zero_init]
                  00005508    00000008     (.cinit..vtable.load) [load image, compression = zero_init]
                  00005510    00000018     (__TI_cinit_table)

.init_array 
*          0    00000000    00000000     UNINITIALIZED

.vtable    0    20000000    0000026c     UNINITIALIZED
                  20000000    0000026c     driverlib.lib : interrupt.obj (.vtable)

.bss       0    2000026c    00001026     UNINITIALIZED
                  2000026c    000006f8     (.common:ARCHIVO_DATOS)
                  20000964    00000400     uartstdio.obj (.bss:g_pcUARTTxBuffer)
                  20000d64    00000224     sd_fs.obj (.bss:g_sFileObject)
                  20000f88    000000c8     (.common:datos)
                  20001050    000000c8     (.common:texto)
                  20001118    00000080     uartstdio.obj (.bss:g_pcUARTRxBuffer)
                  20001198    00000064     (.common:MSG)
                  200011fc    00000050     sd_fs.obj (.bss:g_pcTmpBuf)
                  2000124c    0000001c     sd_fs.obj (.bss:g_sDirObject)
                  20001268    00000018     sd_fs.obj (.bss:g_sFileInfo)
                  20001280    00000008     uartstdio.obj (.bss)
                  20001288    00000004     ff.obj (.bss:FatFs)
                  2000128c    00000003     mmc-dk-tm4c123g.obj (.bss)
                  2000128f    00000001     --HOLE--
                  20001290    00000002     ff.obj (.bss)

.data      0    20001498    0000019c     UNINITIALIZED
                  20001498    000000a0     sd_fs.obj (.data:g_psFResultStrings)
                  20001538    0000006c     sd_fs.obj (.data:g_psCmdTable)
                  200015a4    00000050     sd_fs.obj (.data:g_pcCwdBuf)
                  200015f4    00000023     tick.obj (.data)
                  20001617    00000001     --HOLE--
                  20001618    00000015     uartstdio.obj (.data)
                  2000162d    00000002     mmc-dk-tm4c123g.obj (.data)
                  2000162f    00000001     --HOLE--
                  20001630    00000004     SD.obj (.data)

.stack     0    20001298    00000200     UNINITIALIZED
                  20001298    00000004     rtsv7M4_T_le_v4SPD16_eabi.lib : boot_cortex_m.c.obj (.stack)
                  2000129c    000001fc     --HOLE--

__llvm_prf_cnts 
*          0    20000000    00000000     UNINITIALIZED

MODULE SUMMARY

       Module                         code    ro data   rw data
       ------                         ----    -------   -------
    .\
       SD.obj                         272     0         1888   
       tm4c1231h6pm_startup_ccs.obj   12      620       0      
    +--+------------------------------+-------+---------+---------+
       Total:                         284     620       1888   
                                                               
    .\LIBS\
       uartstdio.obj                  2324    58        1181   
       sd_fs.obj                      1156    522       1028   
       SDmio.obj                      1032    0         400    
       tick.obj                       308     0         35     
    +--+------------------------------+-------+---------+---------+
       Total:                         4820    580       2644   
                                                               
    .\fatfs\port\
       mmc-dk-tm4c123g.obj            2504    0         5      
    +--+------------------------------+-------+---------+---------+
       Total:                         2504    0         5      
                                                               
    .\fatfs\src\
       ff.obj                         10766   0         6      
    +--+------------------------------+-------+---------+---------+
       Total:                         10766   0         6      
                                                               
    C:/ti/TivaWare_C_Series-2.2.0.295/driverlib/ccs/Debug/driverlib.lib
       interrupt.obj                  52      0         620    
       gpio.obj                       506     144       0      
       sysctl.obj                     338     108       0      
       systick.obj                    28      0         0      
       uart.obj                       6       0         0      
    +--+------------------------------+-------+---------+---------+
       Total:                         930     252       620    
                                                               
    C:\ti\ccs1000\ccs\tools\compiler\ti-cgt-arm_20.2.0.LTS\lib\rtsv7M4_T_le_v4SPD16_eabi.lib
       memcpy_t2.asm.obj              156     0         0      
       memset_t2.asm.obj              122     0         0      
       copy_decompress_lzss.c.obj     104     0         0      
       autoinit.c.obj                 68      0         0      
       u_divt2.asm.obj                64      0         0      
       strncpy.c.obj                  54      0         0      
       boot_cortex_m.c.obj            52      0         0      
       strcat.c.obj                   30      0         0      
       strcmp.c.obj                   24      0         0      
       strcpy.c.obj                   20      0         0      
       strlen.c.obj                   20      0         0      
       copy_decompress_none.c.obj     14      0         0      
       copy_zero_init.c.obj           12      0         0      
       exit.c.obj                     4       0         0      
       pre_init.c.obj                 4       0         0      
       div0.asm.obj                   2       0         0      
    +--+------------------------------+-------+---------+---------+
       Total:                         750     0         0      
                                                               
       Stack:                         0       0         512    
       Linker Generated:              0       278       0      
    +--+------------------------------+-------+---------+---------+
       Grand Total:                   20054   1730      5675   


LINKER GENERATED COPY TABLES

__TI_cinit_table @ 00005510 records: 3, size/record: 8, table size: 24
	.data: load addr=00005410, load size=000000e2 bytes, run addr=20001498, run size=0000019c bytes, compression=lzss
	.bss: load addr=00005500, load size=00000008 bytes, run addr=2000026c, run size=00001026 bytes, compression=zero_init
	.vtable: load addr=00005508, load size=00000008 bytes, run addr=20000000, run size=0000026c bytes, compression=zero_init


LINKER GENERATED HANDLER TABLE

__TI_handler_table @ 000054f4 records: 3, size/record: 4, table size: 12
	index: 0, handler: __TI_zero_init
	index: 1, handler: __TI_decompress_lzss
	index: 2, handler: __TI_decompress_none


GLOBAL SYMBOLS: SORTED ALPHABETICALLY BY Name 

address   name                          
-------   ----                          
2000026c  ARCHIVO_DATOS                 
000050c5  C$$EXIT                       
0000420d  Cmd_cat                       
000040e1  Cmd_cd                        
000042b1  Cmd_help                      
00003f97  Cmd_ls                        
000041c9  Cmd_pwd                       
00004fd1  GPIODirModeSet                
000047e5  GPIOPadConfigSet              
00004e2d  GPIOPinConfigure              
00005051  GPIOPinTypeUART               
00004c01  InitConsole                   
00004f35  IntRegister                   
20001198  MSG                           
000050a9  ResetISR                      
00003f59  StringFromFResult             
00004951  SycTickInt                    
00004a85  SysCtlClockGet                
000050b5  SysCtlDelay                   
00004f69  SysCtlPeripheralEnable        
0000501d  SysTickIntRegister            
00004a27  SysTickbegin                  
000050bb  UARTClockSourceSet            
00003d99  UARTEchoSet                   
00003d33  UARTFlushRx                   
00003d5b  UARTFlushTx                   
00003cd9  UARTPeek                      
00003cb7  UARTRxBytesAvail              
00003759  UARTStdioConfig               
00003dcd  UARTStdioIntHandler           
00003cc5  UARTTxBytesFree               
00003933  UARTgetc                      
000038b7  UARTgets                      
00003c93  UARTprintf                    
00003999  UARTvprintf                   
00003811  UARTwrite                     
20001498  __STACK_END                   
00000200  __STACK_SIZE                  
20001498  __STACK_TOP                   
00005510  __TI_CINIT_Base               
00005528  __TI_CINIT_Limit              
000054f4  __TI_Handler_Table_Base       
00005500  __TI_Handler_Table_Limit      
00004e79  __TI_auto_init_nobinit_nopinit
00004dc3  __TI_decompress_lzss          
0000508f  __TI_decompress_none          
ffffffff  __TI_pprof_out_hndl           
ffffffff  __TI_prof_data_size           
ffffffff  __TI_prof_data_start          
00000000  __TI_static_base__            
0000509d  __TI_zero_init                
00002c7b  __aeabi_idiv0                 
00002c7b  __aeabi_ldiv0                 
00004d49  __aeabi_memclr                
00004d49  __aeabi_memclr4               
00004d49  __aeabi_memclr8               
00004cad  __aeabi_memcpy                
00004cad  __aeabi_memcpy4               
00004cad  __aeabi_memcpy8               
00004d4b  __aeabi_memset                
00004d4b  __aeabi_memset4               
00004d4b  __aeabi_memset8               
00004ebd  __aeabi_uidiv                 
00004ebd  __aeabi_uidivmod              
ffffffff  __binit__                     
ffffffff  __c_args__                    
UNDEFED   __mpu_init                    
20001298  __stack                       
20000000  __start___llvm_prf_cnts       
20000000  __stop___llvm_prf_cnts        
00004f9d  _c_int00_noargs               
UNDEFED   _system_post_cinit            
000050c1  _system_pre_init              
000050c5  abort                         
ffffffff  binit                         
00000505  clust2sect                    
20001630  contador                      
20001610  contador_timeproc             
000045ab  crearArchivo_s                
20000f88  datos                         
200015f4  diferencia                    
00003099  disk_initialize               
000033e9  disk_ioctl                    
00003257  disk_read                     
0000323d  disk_status                   
000035eb  disk_timerproc                
00003301  disk_write                    
0000450d  escribeArchivo_s              
00002a0f  f_chmod                       
000020d9  f_close                       
000024d1  f_getfree                     
000020f9  f_lseek                       
00002829  f_mkdir                       
0000187b  f_mount                       
000018cd  f_open                        
00002347  f_opendir                     
00001ae5  f_read                        
000023f7  f_readdir                     
00002b23  f_rename                      
00002481  f_stat                        
00001fdd  f_sync                        
00002633  f_truncate                    
00002727  f_unlink                      
00002a9f  f_utime                       
00001d39  f_write                       
20001615  flagCONVERSION_10S            
20001614  flagCONVERSION_1S             
20001616  flagENVIO                     
20000000  g_pfnRAMVectors               
00000000  g_pfnVectors                  
20001538  g_psCmdTable                  
20001498  g_psFResultStrings            
00000535  get_fat                       
0000362f  get_fattime                   
00004495  iniciaSD_s                    
00004433  itoa                          
00004b9d  main                          
00004cad  memcpy                        
00004d51  memset                        
200015f8  milis                         
200015fc  milis2                        
00000659  put_fat                       
000043dd  reverse                       
00004ffd  strcat                        
00005039  strcmp                        
00005067  strcpy                        
0000507b  strlen                        
00004efd  strncpy                       
2000160c  t_ENVIO                       
20001604  tanterior_10S                 
20001600  tanterior_1S                  
20001608  tanterior_ENVIO               
20001050  texto                         


GLOBAL SYMBOLS: SORTED BY Symbol Address 

address   name                          
-------   ----                          
00000000  __TI_static_base__            
00000000  g_pfnVectors                  
00000200  __STACK_SIZE                  
00000505  clust2sect                    
00000535  get_fat                       
00000659  put_fat                       
0000187b  f_mount                       
000018cd  f_open                        
00001ae5  f_read                        
00001d39  f_write                       
00001fdd  f_sync                        
000020d9  f_close                       
000020f9  f_lseek                       
00002347  f_opendir                     
000023f7  f_readdir                     
00002481  f_stat                        
000024d1  f_getfree                     
00002633  f_truncate                    
00002727  f_unlink                      
00002829  f_mkdir                       
00002a0f  f_chmod                       
00002a9f  f_utime                       
00002b23  f_rename                      
00002c7b  __aeabi_idiv0                 
00002c7b  __aeabi_ldiv0                 
00003099  disk_initialize               
0000323d  disk_status                   
00003257  disk_read                     
00003301  disk_write                    
000033e9  disk_ioctl                    
000035eb  disk_timerproc                
0000362f  get_fattime                   
00003759  UARTStdioConfig               
00003811  UARTwrite                     
000038b7  UARTgets                      
00003933  UARTgetc                      
00003999  UARTvprintf                   
00003c93  UARTprintf                    
00003cb7  UARTRxBytesAvail              
00003cc5  UARTTxBytesFree               
00003cd9  UARTPeek                      
00003d33  UARTFlushRx                   
00003d5b  UARTFlushTx                   
00003d99  UARTEchoSet                   
00003dcd  UARTStdioIntHandler           
00003f59  StringFromFResult             
00003f97  Cmd_ls                        
000040e1  Cmd_cd                        
000041c9  Cmd_pwd                       
0000420d  Cmd_cat                       
000042b1  Cmd_help                      
000043dd  reverse                       
00004433  itoa                          
00004495  iniciaSD_s                    
0000450d  escribeArchivo_s              
000045ab  crearArchivo_s                
000047e5  GPIOPadConfigSet              
00004951  SycTickInt                    
00004a27  SysTickbegin                  
00004a85  SysCtlClockGet                
00004b9d  main                          
00004c01  InitConsole                   
00004cad  __aeabi_memcpy                
00004cad  __aeabi_memcpy4               
00004cad  __aeabi_memcpy8               
00004cad  memcpy                        
00004d49  __aeabi_memclr                
00004d49  __aeabi_memclr4               
00004d49  __aeabi_memclr8               
00004d4b  __aeabi_memset                
00004d4b  __aeabi_memset4               
00004d4b  __aeabi_memset8               
00004d51  memset                        
00004dc3  __TI_decompress_lzss          
00004e2d  GPIOPinConfigure              
00004e79  __TI_auto_init_nobinit_nopinit
00004ebd  __aeabi_uidiv                 
00004ebd  __aeabi_uidivmod              
00004efd  strncpy                       
00004f35  IntRegister                   
00004f69  SysCtlPeripheralEnable        
00004f9d  _c_int00_noargs               
00004fd1  GPIODirModeSet                
00004ffd  strcat                        
0000501d  SysTickIntRegister            
00005039  strcmp                        
00005051  GPIOPinTypeUART               
00005067  strcpy                        
0000507b  strlen                        
0000508f  __TI_decompress_none          
0000509d  __TI_zero_init                
000050a9  ResetISR                      
000050b5  SysCtlDelay                   
000050bb  UARTClockSourceSet            
000050c1  _system_pre_init              
000050c5  C$$EXIT                       
000050c5  abort                         
000054f4  __TI_Handler_Table_Base       
00005500  __TI_Handler_Table_Limit      
00005510  __TI_CINIT_Base               
00005528  __TI_CINIT_Limit              
20000000  __start___llvm_prf_cnts       
20000000  __stop___llvm_prf_cnts        
20000000  g_pfnRAMVectors               
2000026c  ARCHIVO_DATOS                 
20000f88  datos                         
20001050  texto                         
20001198  MSG                           
20001298  __stack                       
20001498  __STACK_END                   
20001498  __STACK_TOP                   
20001498  g_psFResultStrings            
20001538  g_psCmdTable                  
200015f4  diferencia                    
200015f8  milis                         
200015fc  milis2                        
20001600  tanterior_1S                  
20001604  tanterior_10S                 
20001608  tanterior_ENVIO               
2000160c  t_ENVIO                       
20001610  contador_timeproc             
20001614  flagCONVERSION_1S             
20001615  flagCONVERSION_10S            
20001616  flagENVIO                     
20001630  contador                      
ffffffff  __TI_pprof_out_hndl           
ffffffff  __TI_prof_data_size           
ffffffff  __TI_prof_data_start          
ffffffff  __binit__                     
ffffffff  __c_args__                    
ffffffff  binit                         
UNDEFED   __mpu_init                    
UNDEFED   _system_post_cinit            

[133 symbols]
