******************************************************************************
                  TI ARM Linker PC v20.2.0                     
******************************************************************************
>> Linked Fri Jul 17 21:41:40 2020

OUTPUT FILE NAME:   <sim800.out>
ENTRY POINT SYMBOL: "_c_int00_noargs"  address: 000025a1


MEMORY CONFIGURATION

         name            origin    length      used     unused   attr    fill
----------------------  --------  ---------  --------  --------  ----  --------
  FLASH                 00000000   00040000  00002a48  0003d5b8  R  X
  SRAM                  20000000   00008000  000004d8  00007b28  RW X


SEGMENT ALLOCATION MAP

run origin  load origin   length   init length attrs members
----------  ----------- ---------- ----------- ----- -------
00000000    00000000    00002a48   00002a48    r-x
  00000000    00000000    00000268   00000268    r-- .intvecs
  00000268    00000268    0000258c   0000258c    r-x .text
  000027f4    000027f4    00000214   00000214    r-- .const
  00002a08    00002a08    00000040   00000040    r-- .cinit
20000000    20000000    000004dc   00000000    rw-
  20000000    20000000    0000026c   00000000    rw- .vtable
  20000270    20000270    00000200   00000000    rw- .stack
  20000470    20000470    00000064   00000000    rw- .bss
  200004d4    200004d4    00000008   00000000    rw- .data


SECTION ALLOCATION MAP

 output                                  attributes/
section   page    origin      length       input sections
--------  ----  ----------  ----------   ----------------
.intvecs   0    00000000    00000268     
                  00000000    00000268     tm4c1231h6pm_startup_ccs.obj (.intvecs)

.text      0    00000268    0000258c     
                  00000268    00000a4e     rtsv7M4_T_le_v4SPD16_eabi.lib : _printfi.c.obj (.text:__TI_printfi)
                  00000cb6    00000002                                   : div0.asm.obj (.text)
                  00000cb8    00000270                                   : _printfi.c.obj (.text:_pconv_a)
                  00000f28    000001d0                                   : _printfi.c.obj (.text:_pconv_g)
                  000010f8    000001b6                                   : fd_add_t2.asm.obj (.text)
                  000012ae    00000002     --HOLE-- [fill = 0]
                  000012b0    00000178     sim801.obj (.text)
                  00001428    0000016c     driverlib.lib : gpio.obj (.text:GPIOPadConfigSet)
                  00001594    0000013c     rtsv7M4_T_le_v4SPD16_eabi.lib : _printfi.c.obj (.text:_pconv_e)
                  000016d0    00000136                                   : fd_div_t2.asm.obj (.text)
                  00001806    00000002     --HOLE-- [fill = 0]
                  00001808    00000124                                   : _printfi.c.obj (.text:fcvt)
                  0000192c    00000118     driverlib.lib : sysctl.obj (.text:SysCtlClockGet)
                  00001a44    00000110     rtsv7M4_T_le_v4SPD16_eabi.lib : s_scalbn.c.obj (.text:scalbn)
                  00001b54    000000fc                                   : fd_mul_t2.asm.obj (.text)
                  00001c50    000000f4     driverlib.lib : sysctl.obj (.text:SysCtlClockSet)
                  00001d44    000000b1     rtsv7M4_T_le_v4SPD16_eabi.lib : _printfi.c.obj (.text:_ltostr)
                  00001df5    00000001     --HOLE-- [fill = 0]
                  00001df6    0000009c                                   : memcpy_t2.asm.obj (.text)
                  00001e92    00000096                                   : ull_div_t2.asm.obj (.text)
                  00001f28    00000086                                   : fd_cmp_t2.asm.obj (.text:__aeabi_cdcmple)
                  00001fae    00000086                                   : fd_cmp_t2.asm.obj (.text:__aeabi_cdrcmple)
                  00002034    0000007a                                   : memset_t2.asm.obj (.text)
                  000020ae    0000006e                                   : _printfi.c.obj (.text:_mcpy)
                  0000211c    00000068     driverlib.lib : interrupt.obj (.text:IntEnable)
                  00002184    00000068     rtsv7M4_T_le_v4SPD16_eabi.lib : copy_decompress_lzss.c.obj (.text:decompress:lzss:__TI_decompress_lzss)
                  000021ec    00000064                                   : s_frexp.c.obj (.text:frexp)
                  00002250    00000056                                   : _printfi.c.obj (.text:_pconv_f)
                  000022a6    00000054                                   : _ltoa.c.obj (.text:__TI_ltoa)
                  000022fa    00000052                                   : _printfi.c.obj (.text:_ecpy)
                  0000234c    0000004c     driverlib.lib : gpio.obj (.text:GPIOPinConfigure)
                  00002398    0000004c     rtsv7M4_T_le_v4SPD16_eabi.lib : atoi.c.obj (.text:atoi)
                  000023e4    00000048                                   : fd_toi_t2.asm.obj (.text)
                  0000242c    00000046     driverlib.lib : uart.obj (.text:UARTConfigSetExpClk)
                  00002472    00000002     --HOLE-- [fill = 0]
                  00002474    00000044     rtsv7M4_T_le_v4SPD16_eabi.lib : autoinit.c.obj (.text:__TI_auto_init_nobinit_nopinit:__TI_auto_init_nobinit_nopinit)
                  000024b8    00000040                                   : sprintf.c.obj (.text:sprintf)
                  000024f8    0000003e                                   : _printfi.c.obj (.text:_fcpy)
                  00002536    00000002     --HOLE-- [fill = 0]
                  00002538    00000034     driverlib.lib : interrupt.obj (.text:IntRegister)
                  0000256c    00000034                   : sysctl.obj (.text:SysCtlPeripheralEnable)
                  000025a0    00000034     rtsv7M4_T_le_v4SPD16_eabi.lib : boot_cortex_m.c.obj (.text:_c_int00_noargs:_c_int00_noargs)
                  000025d4    0000002e                                   : i_tofd_t2.asm.obj (.text)
                  00002602    0000002c     driverlib.lib : gpio.obj (.text:GPIODirModeSet)
                  0000262e    00000002     --HOLE-- [fill = 0]
                  00002630    00000020                   : uart.obj (.text:UARTDisable)
                  00002650    0000001c     rtsv7M4_T_le_v4SPD16_eabi.lib : copy_zero_init.c.obj (.text:decompress:ZI:__TI_zero_init_nomemset:__TI_zero_init_nomemset)
                  0000266c    0000001c                                   : memccpy.c.obj (.text:memccpy)
                  00002688    0000001a     driverlib.lib : gpio.obj (.text:GPIOPinTypeGPIOOutput)
                  000026a2    0000001a     rtsv7M4_T_le_v4SPD16_eabi.lib : s_copysign.c.obj (.text:copysign)
                  000026bc    00000018                                   : sprintf.c.obj (.text:_outs)
                  000026d4    00000016     driverlib.lib : gpio.obj (.text:GPIOPinTypeUART)
                  000026ea    00000016     rtsv7M4_T_le_v4SPD16_eabi.lib : strchr.c.obj (.text:strchr)
                  00002700    00000014     driverlib.lib : uart.obj (.text:UARTEnable)
                  00002714    00000014     rtsv7M4_T_le_v4SPD16_eabi.lib : strlen.c.obj (.text:strlen)
                  00002728    00000012                                   : wcslen.c.obj (.text:wcslen)
                  0000273a    00000010     driverlib.lib : interrupt.obj (.text:IntMasterEnable)
                  0000274a    00000002     --HOLE-- [fill = 0]
                  0000274c    00000010     rtsv7M4_T_le_v4SPD16_eabi.lib : toupper.c.obj (.text:toupper)
                  0000275c    0000000e     driverlib.lib : uart.obj (.text:UARTCharGetNonBlocking)
                  0000276a    0000000e                   : uart.obj (.text:UARTCharPutNonBlocking)
                  00002778    0000000e                   : uart.obj (.text:UARTCharsAvail)
                  00002786    0000000e     rtsv7M4_T_le_v4SPD16_eabi.lib : copy_decompress_none.c.obj (.text:decompress:none:__TI_decompress_none)
                  00002794    0000000c     driverlib.lib : cpu.obj (.text:CPUcpsie)
                  000027a0    0000000c     tm4c1231h6pm_startup_ccs.obj (.text)
                  000027ac    0000000a     driverlib.lib : uart.obj (.text:UARTCharPut)
                  000027b6    0000000a                   : uart.obj (.text:UARTIntStatus)
                  000027c0    0000000a     rtsv7M4_T_le_v4SPD16_eabi.lib : sprintf.c.obj (.text:_outc)
                  000027ca    00000008     driverlib.lib : uart.obj (.text:UARTIntEnable)
                  000027d2    00000002     --HOLE-- [fill = 0]
                  000027d4    00000008     rtsv7M4_T_le_v4SPD16_eabi.lib : errno.c.obj (.text:__aeabi_errno_addr)
                  000027dc    00000006     driverlib.lib : gpio.obj (.text:GPIOPinWrite)
                  000027e2    00000006                   : sysctl.obj (.text:SysCtlDelay)
                  000027e8    00000004                   : uart.obj (.text:UARTIntClear)
                  000027ec    00000004     rtsv7M4_T_le_v4SPD16_eabi.lib : pre_init.c.obj (.text:_system_pre_init)
                  000027f0    00000004                                   : exit.c.obj (.text:abort:abort)

.const     0    000027f4    00000214     
                  000027f4    00000101     rtsv7M4_T_le_v4SPD16_eabi.lib : ctype.c.obj (.const:.string:_ctypes_)
                  000028f5    00000003     --HOLE-- [fill = 0]
                  000028f8    00000090     driverlib.lib : gpio.obj (.const:g_pui32GPIOBaseAddrs)
                  00002988    0000006c                   : sysctl.obj (.const:g_pui32Xtals)
                  000029f4    00000014                   : interrupt.obj (.const:g_pui32EnRegs)

.cinit     0    00002a08    00000040     
                  00002a08    0000000c     (__TI_handler_table)
                  00002a14    00000004     --HOLE-- [fill = 0]
                  00002a18    00000008     (.cinit..bss.load) [load image, compression = zero_init]
                  00002a20    00000008     (.cinit..vtable.load) [load image, compression = zero_init]
                  00002a28    00000007     (.cinit..data.load) [load image, compression = lzss]
                  00002a2f    00000001     --HOLE-- [fill = 0]
                  00002a30    00000018     (__TI_cinit_table)

.init_array 
*          0    00000000    00000000     UNINITIALIZED

.vtable    0    20000000    0000026c     UNINITIALIZED
                  20000000    0000026c     driverlib.lib : interrupt.obj (.vtable)

.bss       0    20000470    00000064     UNINITIALIZED
                  20000470    00000064     (.common:text)

.data      0    200004d4    00000008     UNINITIALIZED
                  200004d4    00000004     rtsv7M4_T_le_v4SPD16_eabi.lib : errno.c.obj (.data)
                  200004d8    00000004     sim801.obj (.data)

.stack     0    20000270    00000200     UNINITIALIZED
                  20000270    00000004     rtsv7M4_T_le_v4SPD16_eabi.lib : boot_cortex_m.c.obj (.stack)
                  20000274    000001fc     --HOLE--

__llvm_prf_cnts 
*          0    20000000    00000000     UNINITIALIZED

MODULE SUMMARY

       Module                         code   ro data   rw data
       ------                         ----   -------   -------
    .\
       tm4c1231h6pm_startup_ccs.obj   12     616       0      
       sim801.obj                     376    0         104    
    +--+------------------------------+------+---------+---------+
       Total:                         388    616       104    
                                                              
    C:/ti/TivaWare_C_Series-2.2.0.295/driverlib/ccs/Debug/driverlib.lib
       interrupt.obj                  172    20        620    
       sysctl.obj                     582    108       0      
       gpio.obj                       538    144       0      
       uart.obj                       196    0         0      
       cpu.obj                        12     0         0      
    +--+------------------------------+------+---------+---------+
       Total:                         1500   272       620    
                                                              
    C:\ti\ccs1000\ccs\tools\compiler\ti-cgt-arm_20.2.0.LTS\lib\rtsv7M4_T_le_v4SPD16_eabi.lib
       _printfi.c.obj                 4851   0         0      
       fd_add_t2.asm.obj              438    0         0      
       fd_div_t2.asm.obj              310    0         0      
       s_scalbn.c.obj                 272    0         0      
       fd_cmp_t2.asm.obj              268    0         0      
       ctype.c.obj                    0      257       0      
       fd_mul_t2.asm.obj              252    0         0      
       memcpy_t2.asm.obj              156    0         0      
       ull_div_t2.asm.obj             150    0         0      
       memset_t2.asm.obj              122    0         0      
       copy_decompress_lzss.c.obj     104    0         0      
       s_frexp.c.obj                  100    0         0      
       sprintf.c.obj                  98     0         0      
       _ltoa.c.obj                    84     0         0      
       atoi.c.obj                     76     0         0      
       fd_toi_t2.asm.obj              72     0         0      
       autoinit.c.obj                 68     0         0      
       boot_cortex_m.c.obj            52     0         0      
       i_tofd_t2.asm.obj              46     0         0      
       copy_zero_init.c.obj           28     0         0      
       memccpy.c.obj                  28     0         0      
       s_copysign.c.obj               26     0         0      
       strchr.c.obj                   22     0         0      
       strlen.c.obj                   20     0         0      
       wcslen.c.obj                   18     0         0      
       toupper.c.obj                  16     0         0      
       copy_decompress_none.c.obj     14     0         0      
       errno.c.obj                    8      0         4      
       exit.c.obj                     4      0         0      
       pre_init.c.obj                 4      0         0      
       div0.asm.obj                   2      0         0      
    +--+------------------------------+------+---------+---------+
       Total:                         7709   257       4      
                                                              
       Stack:                         0      0         512    
       Linker Generated:              0      59        0      
    +--+------------------------------+------+---------+---------+
       Grand Total:                   9597   1204      1240   


LINKER GENERATED COPY TABLES

__TI_cinit_table @ 00002a30 records: 3, size/record: 8, table size: 24
	.bss: load addr=00002a18, load size=00000008 bytes, run addr=20000470, run size=00000064 bytes, compression=zero_init
	.vtable: load addr=00002a20, load size=00000008 bytes, run addr=20000000, run size=0000026c bytes, compression=zero_init
	.data: load addr=00002a28, load size=00000007 bytes, run addr=200004d4, run size=00000008 bytes, compression=lzss


LINKER GENERATED HANDLER TABLE

__TI_handler_table @ 00002a08 records: 3, size/record: 4, table size: 12
	index: 0, handler: __TI_zero_init
	index: 1, handler: __TI_decompress_lzss
	index: 2, handler: __TI_decompress_none


GLOBAL SYMBOLS: SORTED ALPHABETICALLY BY Name 

address   name                          
-------   ----                          
000027f1  C$$EXIT                       
00002795  CPUcpsie                      
00002603  GPIODirModeSet                
00001429  GPIOPadConfigSet              
0000234d  GPIOPinConfigure              
00002689  GPIOPinTypeGPIOOutput         
000026d5  GPIOPinTypeUART               
000027dd  GPIOPinWrite                  
0000211d  IntEnable                     
0000273b  IntMasterEnable               
00002539  IntRegister                   
000013b5  PrintString                   
000027a1  ResetISR                      
0000192d  SysCtlClockGet                
00001c51  SysCtlClockSet                
000027e3  SysCtlDelay                   
0000256d  SysCtlPeripheralEnable        
0000275d  UARTCharGetNonBlocking        
000027ad  UARTCharPut                   
0000276b  UARTCharPutNonBlocking        
00002779  UARTCharsAvail                
0000242d  UARTConfigSetExpClk           
00002631  UARTDisable                   
00002701  UARTEnable                    
000027e9  UARTIntClear                  
000027cb  UARTIntEnable                 
000012b1  UARTIntHandler                
000027b7  UARTIntStatus                 
20000470  __STACK_END                   
00000200  __STACK_SIZE                  
20000470  __STACK_TOP                   
00002a30  __TI_CINIT_Base               
00002a48  __TI_CINIT_Limit              
00002a08  __TI_Handler_Table_Base       
00002a14  __TI_Handler_Table_Limit      
00002475  __TI_auto_init_nobinit_nopinit
00002185  __TI_decompress_lzss          
00002787  __TI_decompress_none          
000022a7  __TI_ltoa                     
ffffffff  __TI_pprof_out_hndl           
00000269  __TI_printfi                  
ffffffff  __TI_prof_data_size           
ffffffff  __TI_prof_data_start          
00000000  __TI_static_base__            
00002651  __TI_zero_init_nomemset       
00001f29  __aeabi_cdcmpeq               
00001f29  __aeabi_cdcmple               
00001faf  __aeabi_cdrcmple              
000023e5  __aeabi_d2iz                  
00001103  __aeabi_dadd                  
000016d1  __aeabi_ddiv                  
00001b55  __aeabi_dmul                  
000010f9  __aeabi_dsub                  
000027d5  __aeabi_errno_addr            
000025d5  __aeabi_i2d                   
00000cb7  __aeabi_idiv0                 
00000cb7  __aeabi_ldiv0                 
00002035  __aeabi_memclr                
00002035  __aeabi_memclr4               
00002035  __aeabi_memclr8               
00001df7  __aeabi_memcpy                
00001df7  __aeabi_memcpy4               
00001df7  __aeabi_memcpy8               
00002037  __aeabi_memset                
00002037  __aeabi_memset4               
00002037  __aeabi_memset8               
00001e93  __aeabi_uldivmod              
ffffffff  __binit__                     
ffffffff  __c_args__                    
UNDEFED   __mpu_init                    
20000270  __stack                       
20000000  __start___llvm_prf_cnts       
20000000  __stop___llvm_prf_cnts        
000025a1  _c_int00_noargs               
000027f4  _ctypes_                      
UNDEFED   _system_post_cinit            
000027ed  _system_pre_init              
000027f1  abort                         
00002399  atoi                          
ffffffff  binit                         
200004d8  contador                      
000026a3  copysign                      
000026a3  copysignl                     
200004d4  errno                         
000021ed  frexp                         
000021ed  frexpl                        
20000000  g_pfnRAMVectors               
00000000  g_pfnVectors                  
00001a45  ldexp                         
00001a45  ldexpl                        
0000131b  main                          
0000266d  memccpy                       
00001df7  memcpy                        
0000203d  memset                        
00001a45  scalbn                        
00001a45  scalbnl                       
000024b9  sprintf                       
000026eb  strchr                        
00002715  strlen                        
20000470  text                          
0000274d  toupper                       
00002729  wcslen                        


GLOBAL SYMBOLS: SORTED BY Symbol Address 

address   name                          
-------   ----                          
00000000  __TI_static_base__            
00000000  g_pfnVectors                  
00000200  __STACK_SIZE                  
00000269  __TI_printfi                  
00000cb7  __aeabi_idiv0                 
00000cb7  __aeabi_ldiv0                 
000010f9  __aeabi_dsub                  
00001103  __aeabi_dadd                  
000012b1  UARTIntHandler                
0000131b  main                          
000013b5  PrintString                   
00001429  GPIOPadConfigSet              
000016d1  __aeabi_ddiv                  
0000192d  SysCtlClockGet                
00001a45  ldexp                         
00001a45  ldexpl                        
00001a45  scalbn                        
00001a45  scalbnl                       
00001b55  __aeabi_dmul                  
00001c51  SysCtlClockSet                
00001df7  __aeabi_memcpy                
00001df7  __aeabi_memcpy4               
00001df7  __aeabi_memcpy8               
00001df7  memcpy                        
00001e93  __aeabi_uldivmod              
00001f29  __aeabi_cdcmpeq               
00001f29  __aeabi_cdcmple               
00001faf  __aeabi_cdrcmple              
00002035  __aeabi_memclr                
00002035  __aeabi_memclr4               
00002035  __aeabi_memclr8               
00002037  __aeabi_memset                
00002037  __aeabi_memset4               
00002037  __aeabi_memset8               
0000203d  memset                        
0000211d  IntEnable                     
00002185  __TI_decompress_lzss          
000021ed  frexp                         
000021ed  frexpl                        
000022a7  __TI_ltoa                     
0000234d  GPIOPinConfigure              
00002399  atoi                          
000023e5  __aeabi_d2iz                  
0000242d  UARTConfigSetExpClk           
00002475  __TI_auto_init_nobinit_nopinit
000024b9  sprintf                       
00002539  IntRegister                   
0000256d  SysCtlPeripheralEnable        
000025a1  _c_int00_noargs               
000025d5  __aeabi_i2d                   
00002603  GPIODirModeSet                
00002631  UARTDisable                   
00002651  __TI_zero_init_nomemset       
0000266d  memccpy                       
00002689  GPIOPinTypeGPIOOutput         
000026a3  copysign                      
000026a3  copysignl                     
000026d5  GPIOPinTypeUART               
000026eb  strchr                        
00002701  UARTEnable                    
00002715  strlen                        
00002729  wcslen                        
0000273b  IntMasterEnable               
0000274d  toupper                       
0000275d  UARTCharGetNonBlocking        
0000276b  UARTCharPutNonBlocking        
00002779  UARTCharsAvail                
00002787  __TI_decompress_none          
00002795  CPUcpsie                      
000027a1  ResetISR                      
000027ad  UARTCharPut                   
000027b7  UARTIntStatus                 
000027cb  UARTIntEnable                 
000027d5  __aeabi_errno_addr            
000027dd  GPIOPinWrite                  
000027e3  SysCtlDelay                   
000027e9  UARTIntClear                  
000027ed  _system_pre_init              
000027f1  C$$EXIT                       
000027f1  abort                         
000027f4  _ctypes_                      
00002a08  __TI_Handler_Table_Base       
00002a14  __TI_Handler_Table_Limit      
00002a30  __TI_CINIT_Base               
00002a48  __TI_CINIT_Limit              
20000000  __start___llvm_prf_cnts       
20000000  __stop___llvm_prf_cnts        
20000000  g_pfnRAMVectors               
20000270  __stack                       
20000470  __STACK_END                   
20000470  __STACK_TOP                   
20000470  text                          
200004d4  errno                         
200004d8  contador                      
ffffffff  __TI_pprof_out_hndl           
ffffffff  __TI_prof_data_size           
ffffffff  __TI_prof_data_start          
ffffffff  __binit__                     
ffffffff  __c_args__                    
ffffffff  binit                         
UNDEFED   __mpu_init                    
UNDEFED   _system_post_cinit            

[102 symbols]
